[2025-05-15T15:07:32.502+0000][7][gc] Using G1
[2025-05-15T15:07:32.600+0000][7][gc,init] Version: 15.0.1+9 (release)
[2025-05-15T15:07:32.600+0000][7][gc,init] CPUs: 14 total, 14 available
[2025-05-15T15:07:32.600+0000][7][gc,init] Memory: 31584M
[2025-05-15T15:07:32.600+0000][7][gc,init] Large Page Support: Disabled
[2025-05-15T15:07:32.600+0000][7][gc,init] NUMA Support: Disabled
[2025-05-15T15:07:32.600+0000][7][gc,init] Compressed Oops: Enabled (32-bit)
[2025-05-15T15:07:32.600+0000][7][gc,init] Heap Region Size: 4M
[2025-05-15T15:07:32.600+0000][7][gc,init] Heap Min Capacity: 256M
[2025-05-15T15:07:32.600+0000][7][gc,init] Heap Initial Capacity: 256M
[2025-05-15T15:07:32.600+0000][7][gc,init] Heap Max Capacity: 256M
[2025-05-15T15:07:32.600+0000][7][gc,init] Pre-touch: Enabled
[2025-05-15T15:07:32.600+0000][7][gc,init] Parallel Workers: 11
[2025-05-15T15:07:32.600+0000][7][gc,init] Concurrent Workers: 3
[2025-05-15T15:07:32.600+0000][7][gc,init] Concurrent Refinement Workers: 11
[2025-05-15T15:07:32.600+0000][7][gc,init] Periodic GC: Disabled
[2025-05-15T15:07:32.601+0000][7][gc,cds ] Mark closed archive regions in map: [0x00000000ffc00000, 0x00000000ffc7bff8]
[2025-05-15T15:07:32.601+0000][7][gc,cds ] Mark open archive regions in map: [0x00000000ffb00000, 0x00000000ffb51ff8]
[2025-05-15T15:07:32.601+0000][7][gc,metaspace] CDS archive(s) mapped at: [0x0000000800000000-0x0000000800b2a000-0x0000000800b2a000), size 11706368, SharedBaseAddress: 0x0000000800000000, ArchiveRelocationMode: 0.
[2025-05-15T15:07:32.601+0000][7][gc,metaspace] Compressed class space mapped at: 0x0000000800b2c000-0x0000000840b2c000, size: 1073741824
[2025-05-15T15:07:32.601+0000][7][gc,metaspace] Narrow klass base: 0x0000000800000000, Narrow klass shift: 3, Narrow klass range: 0x100000000
[2025-05-15T15:07:32.831+0000][7][safepoint   ] Safepoint "ICBufferFull", Time since last: 219757454 ns, Reaching safepoint: 116872 ns, At safepoint: 7680 ns, Total: 124552 ns
[2025-05-15T15:07:32.894+0000][7][gc,start    ] GC(0) Pause Young (Normal) (G1 Evacuation Pause)
[2025-05-15T15:07:32.895+0000][7][gc,task     ] GC(0) Using 6 workers of 11 for evacuation
[2025-05-15T15:07:32.895+0000][7][gc,age      ] GC(0) Desired survivor size 2097152 bytes, new threshold 15 (max threshold 15)
[2025-05-15T15:07:32.896+0000][7][gc,age      ] GC(0) Age table with threshold 15 (max threshold 15)
[2025-05-15T15:07:32.896+0000][7][gc,age      ] GC(0) - age   1:    3789032 bytes,    3789032 total
[2025-05-15T15:07:32.896+0000][7][gc,phases   ] GC(0)   Pre Evacuate Collection Set: 0.0ms
[2025-05-15T15:07:32.896+0000][7][gc,phases   ] GC(0)   Merge Heap Roots: 0.0ms
[2025-05-15T15:07:32.896+0000][7][gc,phases   ] GC(0)   Evacuate Collection Set: 1.0ms
[2025-05-15T15:07:32.896+0000][7][gc,phases   ] GC(0)   Post Evacuate Collection Set: 0.2ms
[2025-05-15T15:07:32.896+0000][7][gc,phases   ] GC(0)   Other: 0.6ms
[2025-05-15T15:07:32.896+0000][7][gc,heap     ] GC(0) Eden regions: 5->0(5)
[2025-05-15T15:07:32.896+0000][7][gc,heap     ] GC(0) Survivor regions: 0->1(1)
[2025-05-15T15:07:32.896+0000][7][gc,heap     ] GC(0) Old regions: 0->0
[2025-05-15T15:07:32.896+0000][7][gc,heap     ] GC(0) Archive regions: 2->2
[2025-05-15T15:07:32.896+0000][7][gc,heap     ] GC(0) Humongous regions: 0->0
[2025-05-15T15:07:32.896+0000][7][gc,metaspace] GC(0) Metaspace: 6724K(8576K)->6724K(8576K) NonClass: 5989K(7680K)->5989K(7680K) Class: 734K(896K)->734K(896K)
[2025-05-15T15:07:32.896+0000][7][gc          ] GC(0) Pause Young (Normal) (G1 Evacuation Pause) 23M->7M(256M) 1.899ms
[2025-05-15T15:07:32.896+0000][7][gc,cpu      ] GC(0) User=0.01s Sys=0.00s Real=0.00s
[2025-05-15T15:07:32.896+0000][7][safepoint   ] Safepoint "G1CollectForAllocation", Time since last: 63484567 ns, Reaching safepoint: 151684 ns, At safepoint: 1934040 ns, Total: 2085724 ns
[2025-05-15T15:07:33.330+0000][7][safepoint   ] Safepoint "ICBufferFull", Time since last: 433290256 ns, Reaching safepoint: 143053 ns, At safepoint: 7371 ns, Total: 150424 ns
[2025-05-15T15:07:33.335+0000][7][gc,start    ] GC(1) Pause Young (Normal) (G1 Evacuation Pause)
[2025-05-15T15:07:33.335+0000][7][gc,task     ] GC(1) Using 6 workers of 11 for evacuation
[2025-05-15T15:07:33.335+0000][7][gc,age      ] GC(1) Desired survivor size 2097152 bytes, new threshold 1 (max threshold 15)
[2025-05-15T15:07:33.337+0000][7][gc,age      ] GC(1) Age table with threshold 1 (max threshold 15)
[2025-05-15T15:07:33.337+0000][7][gc,age      ] GC(1) - age   1:    1896688 bytes,    1896688 total
[2025-05-15T15:07:33.337+0000][7][gc,phases   ] GC(1)   Pre Evacuate Collection Set: 0.0ms
[2025-05-15T15:07:33.337+0000][7][gc,phases   ] GC(1)   Merge Heap Roots: 0.0ms
[2025-05-15T15:07:33.337+0000][7][gc,phases   ] GC(1)   Evacuate Collection Set: 1.7ms
[2025-05-15T15:07:33.337+0000][7][gc,phases   ] GC(1)   Post Evacuate Collection Set: 0.3ms
[2025-05-15T15:07:33.337+0000][7][gc,phases   ] GC(1)   Other: 0.1ms
[2025-05-15T15:07:33.337+0000][7][gc,heap     ] GC(1) Eden regions: 5->0(11)
[2025-05-15T15:07:33.337+0000][7][gc,heap     ] GC(1) Survivor regions: 1->1(1)
[2025-05-15T15:07:33.337+0000][7][gc,heap     ] GC(1) Old regions: 0->1
[2025-05-15T15:07:33.337+0000][7][gc,heap     ] GC(1) Archive regions: 2->2
[2025-05-15T15:07:33.337+0000][7][gc,heap     ] GC(1) Humongous regions: 0->0
[2025-05-15T15:07:33.337+0000][7][gc,metaspace] GC(1) Metaspace: 11898K(12288K)->11898K(12288K) NonClass: 10476K(10752K)->10476K(10752K) Class: 1421K(1536K)->1421K(1536K)
[2025-05-15T15:07:33.337+0000][7][gc          ] GC(1) Pause Young (Normal) (G1 Evacuation Pause) 27M->9M(256M) 2.157ms
[2025-05-15T15:07:33.337+0000][7][gc,cpu      ] GC(1) User=0.01s Sys=0.00s Real=0.00s
[2025-05-15T15:07:33.337+0000][7][safepoint   ] Safepoint "G1CollectForAllocation", Time since last: 5191725 ns, Reaching safepoint: 50811 ns, At safepoint: 2204878 ns, Total: 2255689 ns
[2025-05-15T15:07:33.634+0000][7][safepoint   ] Safepoint "ICBufferFull", Time since last: 297176614 ns, Reaching safepoint: 155584 ns, At safepoint: 9030 ns, Total: 164614 ns
[2025-05-15T15:07:33.681+0000][7][gc,start    ] GC(2) Pause Young (Normal) (G1 Evacuation Pause)
[2025-05-15T15:07:33.682+0000][7][gc,task     ] GC(2) Using 6 workers of 11 for evacuation
[2025-05-15T15:07:33.682+0000][7][gc,age      ] GC(2) Desired survivor size 4194304 bytes, new threshold 15 (max threshold 15)
[2025-05-15T15:07:33.684+0000][7][gc,age      ] GC(2) Age table with threshold 15 (max threshold 15)
[2025-05-15T15:07:33.684+0000][7][gc,age      ] GC(2) - age   1:    1757048 bytes,    1757048 total
[2025-05-15T15:07:33.684+0000][7][gc,age      ] GC(2) - age   2:    1798224 bytes,    3555272 total
[2025-05-15T15:07:33.684+0000][7][gc,phases   ] GC(2)   Pre Evacuate Collection Set: 0.1ms
[2025-05-15T15:07:33.685+0000][7][gc,phases   ] GC(2)   Merge Heap Roots: 0.1ms
[2025-05-15T15:07:33.685+0000][7][gc,phases   ] GC(2)   Evacuate Collection Set: 2.0ms
[2025-05-15T15:07:33.685+0000][7][gc,phases   ] GC(2)   Post Evacuate Collection Set: 0.6ms
[2025-05-15T15:07:33.685+0000][7][gc,phases   ] GC(2)   Other: 0.7ms
[2025-05-15T15:07:33.685+0000][7][gc,heap     ] GC(2) Eden regions: 11->0(36)
[2025-05-15T15:07:33.685+0000][7][gc,heap     ] GC(2) Survivor regions: 1->1(2)
[2025-05-15T15:07:33.685+0000][7][gc,heap     ] GC(2) Old regions: 1->1
[2025-05-15T15:07:33.685+0000][7][gc,heap     ] GC(2) Archive regions: 2->2
[2025-05-15T15:07:33.685+0000][7][gc,heap     ] GC(2) Humongous regions: 0->0
[2025-05-15T15:07:33.685+0000][7][gc,metaspace] GC(2) Metaspace: 14655K(15104K)->14655K(15104K) NonClass: 12969K(13312K)->12969K(13312K) Class: 1686K(1792K)->1686K(1792K)
[2025-05-15T15:07:33.685+0000][7][gc          ] GC(2) Pause Young (Normal) (G1 Evacuation Pause) 53M->10M(256M) 3.537ms
[2025-05-15T15:07:33.685+0000][7][gc,cpu      ] GC(2) User=0.02s Sys=0.00s Real=0.00s
[2025-05-15T15:07:33.685+0000][7][safepoint   ] Safepoint "G1CollectForAllocation", Time since last: 46540114 ns, Reaching safepoint: 79062 ns, At safepoint: 3591194 ns, Total: 3670256 ns
[2025-05-15T15:07:33.818+0000][7][safepoint   ] Safepoint "ICBufferFull", Time since last: 133501994 ns, Reaching safepoint: 105723 ns, At safepoint: 6349 ns, Total: 112072 ns
[2025-05-15T15:07:33.821+0000][7][safepoint   ] Safepoint "ICBufferFull", Time since last: 2654079 ns, Reaching safepoint: 62642 ns, At safepoint: 6780 ns, Total: 69422 ns
[2025-05-15T15:07:33.823+0000][7][safepoint   ] Safepoint "ICBufferFull", Time since last: 1978062 ns, Reaching safepoint: 34701 ns, At safepoint: 4110 ns, Total: 38811 ns
[2025-05-15T15:07:33.825+0000][7][safepoint   ] Safepoint "ICBufferFull", Time since last: 1874058 ns, Reaching safepoint: 70382 ns, At safepoint: 3290 ns, Total: 73672 ns
[2025-05-15T15:07:33.828+0000][7][safepoint   ] Safepoint "ICBufferFull", Time since last: 3232515 ns, Reaching safepoint: 64862 ns, At safepoint: 3280 ns, Total: 68142 ns
[2025-05-15T15:07:33.831+0000][7][safepoint   ] Safepoint "ICBufferFull", Time since last: 2374272 ns, Reaching safepoint: 61892 ns, At safepoint: 2080 ns, Total: 63972 ns
[2025-05-15T15:07:33.833+0000][7][safepoint   ] Safepoint "ICBufferFull", Time since last: 2160306 ns, Reaching safepoint: 62042 ns, At safepoint: 2020 ns, Total: 64062 ns
[2025-05-15T15:07:33.835+0000][7][safepoint   ] Safepoint "ICBufferFull", Time since last: 2160006 ns, Reaching safepoint: 54861 ns, At safepoint: 1710 ns, Total: 56571 ns
[2025-05-15T15:07:33.838+0000][7][safepoint   ] Safepoint "ICBufferFull", Time since last: 2421644 ns, Reaching safepoint: 57091 ns, At safepoint: 11931 ns, Total: 69022 ns
[2025-05-15T15:07:33.840+0000][7][safepoint   ] Safepoint "ICBufferFull", Time since last: 2533545 ns, Reaching safepoint: 51582 ns, At safepoint: 2100 ns, Total: 53682 ns
[2025-05-15T15:07:33.842+0000][7][safepoint   ] Safepoint "ICBufferFull", Time since last: 1923570 ns, Reaching safepoint: 181525 ns, At safepoint: 12210 ns, Total: 193735 ns
[2025-05-15T15:07:33.845+0000][7][safepoint   ] Safepoint "ICBufferFull", Time since last: 2266719 ns, Reaching safepoint: 88893 ns, At safepoint: 10000 ns, Total: 98893 ns
[2025-05-15T15:07:33.850+0000][7][safepoint   ] Safepoint "ICBufferFull", Time since last: 4815585 ns, Reaching safepoint: 66872 ns, At safepoint: 5970 ns, Total: 72842 ns
[2025-05-15T15:07:33.853+0000][7][safepoint   ] Safepoint "ICBufferFull", Time since last: 3062670 ns, Reaching safepoint: 71832 ns, At safepoint: 3860 ns, Total: 75692 ns
[2025-05-15T15:07:33.855+0000][7][safepoint   ] Safepoint "ICBufferFull", Time since last: 1962321 ns, Reaching safepoint: 78842 ns, At safepoint: 7960 ns, Total: 86802 ns
[2025-05-15T15:07:33.857+0000][7][safepoint   ] Safepoint "ICBufferFull", Time since last: 2360242 ns, Reaching safepoint: 58872 ns, At safepoint: 5090 ns, Total: 63962 ns
[2025-05-15T15:07:33.859+0000][7][safepoint   ] Safepoint "ICBufferFull", Time since last: 1936841 ns, Reaching safepoint: 49221 ns, At safepoint: 2249 ns, Total: 51470 ns
[2025-05-15T15:07:33.862+0000][7][safepoint   ] Safepoint "ICBufferFull", Time since last: 2493506 ns, Reaching safepoint: 113423 ns, At safepoint: 5740 ns, Total: 119163 ns
[2025-05-15T15:07:33.865+0000][7][safepoint   ] Safepoint "ICBufferFull", Time since last: 3267115 ns, Reaching safepoint: 62292 ns, At safepoint: 15360 ns, Total: 77652 ns
[2025-05-15T15:07:33.867+0000][7][safepoint   ] Safepoint "ICBufferFull", Time since last: 1223432 ns, Reaching safepoint: 181384 ns, At safepoint: 5341 ns, Total: 186725 ns
[2025-05-15T15:07:33.867+0000][7][safepoint   ] Safepoint "ICBufferFull", Time since last: 793021 ns, Reaching safepoint: 44491 ns, At safepoint: 3060 ns, Total: 47551 ns
[2025-05-15T15:07:33.868+0000][7][safepoint   ] Safepoint "ICBufferFull", Time since last: 461812 ns, Reaching safepoint: 77632 ns, At safepoint: 4740 ns, Total: 82372 ns
[2025-05-15T15:07:33.868+0000][7][safepoint   ] Safepoint "ICBufferFull", Time since last: 456062 ns, Reaching safepoint: 39741 ns, At safepoint: 1070 ns, Total: 40811 ns
[2025-05-15T15:07:33.869+0000][7][safepoint   ] Safepoint "ICBufferFull", Time since last: 488403 ns, Reaching safepoint: 78352 ns, At safepoint: 4540 ns, Total: 82892 ns
[2025-05-15T15:07:33.869+0000][7][safepoint   ] Safepoint "ICBufferFull", Time since last: 444621 ns, Reaching safepoint: 85333 ns, At safepoint: 10160 ns, Total: 95493 ns
[2025-05-15T15:07:33.870+0000][7][safepoint   ] Safepoint "ICBufferFull", Time since last: 586935 ns, Reaching safepoint: 75962 ns, At safepoint: 5840 ns, Total: 81802 ns
[2025-05-15T15:07:33.872+0000][7][safepoint   ] Safepoint "ICBufferFull", Time since last: 478612 ns, Reaching safepoint: 1457589 ns, At safepoint: 5420 ns, Total: 1463009 ns
[2025-05-15T15:07:33.873+0000][7][safepoint   ] Safepoint "ICBufferFull", Time since last: 727879 ns, Reaching safepoint: 82162 ns, At safepoint: 9780 ns, Total: 91942 ns
[2025-05-15T15:07:33.874+0000][7][safepoint   ] Safepoint "ICBufferFull", Time since last: 537475 ns, Reaching safepoint: 52062 ns, At safepoint: 5340 ns, Total: 57402 ns
[2025-05-15T15:07:33.875+0000][7][safepoint   ] Safepoint "ICBufferFull", Time since last: 1143959 ns, Reaching safepoint: 74132 ns, At safepoint: 3600 ns, Total: 77732 ns
[2025-05-15T15:07:33.876+0000][7][safepoint   ] Safepoint "ICBufferFull", Time since last: 571365 ns, Reaching safepoint: 255687 ns, At safepoint: 7150 ns, Total: 262837 ns
[2025-05-15T15:07:33.876+0000][7][safepoint   ] Safepoint "ICBufferFull", Time since last: 675777 ns, Reaching safepoint: 62922 ns, At safepoint: 12000 ns, Total: 74922 ns
[2025-05-15T15:07:33.877+0000][7][safepoint   ] Safepoint "ICBufferFull", Time since last: 739569 ns, Reaching safepoint: 81973 ns, At safepoint: 21721 ns, Total: 103694 ns
[2025-05-15T15:07:33.878+0000][7][safepoint   ] Safepoint "ICBufferFull", Time since last: 707298 ns, Reaching safepoint: 49781 ns, At safepoint: 15590 ns, Total: 65371 ns
[2025-05-15T15:07:33.879+0000][7][safepoint   ] Safepoint "ICBufferFull", Time since last: 707149 ns, Reaching safepoint: 86862 ns, At safepoint: 8721 ns, Total: 95583 ns
[2025-05-15T15:07:33.879+0000][7][safepoint   ] Safepoint "ICBufferFull", Time since last: 613215 ns, Reaching safepoint: 87073 ns, At safepoint: 5160 ns, Total: 92233 ns
[2025-05-15T15:07:34.049+0000][7][gc,start    ] GC(3) Pause Young (Normal) (G1 Evacuation Pause)
[2025-05-15T15:07:34.049+0000][7][gc,task     ] GC(3) Using 6 workers of 11 for evacuation
[2025-05-15T15:07:34.049+0000][7][gc,age      ] GC(3) Desired survivor size 10485760 bytes, new threshold 15 (max threshold 15)
[2025-05-15T15:07:34.052+0000][7][gc,age      ] GC(3) Age table with threshold 15 (max threshold 15)
[2025-05-15T15:07:34.052+0000][7][gc,age      ] GC(3) - age   1:    4821624 bytes,    4821624 total
[2025-05-15T15:07:34.052+0000][7][gc,age      ] GC(3) - age   2:    1652104 bytes,    6473728 total
[2025-05-15T15:07:34.052+0000][7][gc,age      ] GC(3) - age   3:    1783144 bytes,    8256872 total
[2025-05-15T15:07:34.052+0000][7][gc,phases   ] GC(3)   Pre Evacuate Collection Set: 0.0ms
[2025-05-15T15:07:34.052+0000][7][gc,phases   ] GC(3)   Merge Heap Roots: 0.1ms
[2025-05-15T15:07:34.052+0000][7][gc,phases   ] GC(3)   Evacuate Collection Set: 2.3ms
[2025-05-15T15:07:34.052+0000][7][gc,phases   ] GC(3)   Post Evacuate Collection Set: 0.5ms
[2025-05-15T15:07:34.052+0000][7][gc,phases   ] GC(3)   Other: 0.1ms
[2025-05-15T15:07:34.052+0000][7][gc,heap     ] GC(3) Eden regions: 36->0(35)
[2025-05-15T15:07:34.052+0000][7][gc,heap     ] GC(3) Survivor regions: 1->3(5)
[2025-05-15T15:07:34.052+0000][7][gc,heap     ] GC(3) Old regions: 1->1
[2025-05-15T15:07:34.052+0000][7][gc,heap     ] GC(3) Archive regions: 2->2
[2025-05-15T15:07:34.052+0000][7][gc,heap     ] GC(3) Humongous regions: 0->0
[2025-05-15T15:07:34.052+0000][7][gc,metaspace] GC(3) Metaspace: 17935K(18432K)->17935K(18432K) NonClass: 15805K(16128K)->15805K(16128K) Class: 2130K(2304K)->2130K(2304K)
[2025-05-15T15:07:34.052+0000][7][gc          ] GC(3) Pause Young (Normal) (G1 Evacuation Pause) 154M->15M(256M) 2.950ms
[2025-05-15T15:07:34.052+0000][7][gc,cpu      ] GC(3) User=0.02s Sys=0.00s Real=0.00s
[2025-05-15T15:07:34.052+0000][7][safepoint   ] Safepoint "G1CollectForAllocation", Time since last: 169355719 ns, Reaching safepoint: 168404 ns, At safepoint: 3002209 ns, Total: 3170613 ns
[2025-05-15T15:07:34.232+0000][7][gc,start    ] GC(4) Pause Young (Normal) (G1 Evacuation Pause)
[2025-05-15T15:07:34.232+0000][7][gc,task     ] GC(4) Using 6 workers of 11 for evacuation
[2025-05-15T15:07:34.232+0000][7][gc,age      ] GC(4) Desired survivor size 10485760 bytes, new threshold 15 (max threshold 15)
[2025-05-15T15:07:34.235+0000][7][gc,age      ] GC(4) Age table with threshold 15 (max threshold 15)
[2025-05-15T15:07:34.235+0000][7][gc,age      ] GC(4) - age   1:    2978560 bytes,    2978560 total
[2025-05-15T15:07:34.235+0000][7][gc,age      ] GC(4) - age   2:    3032552 bytes,    6011112 total
[2025-05-15T15:07:34.235+0000][7][gc,age      ] GC(4) - age   3:    1652104 bytes,    7663216 total
[2025-05-15T15:07:34.235+0000][7][gc,age      ] GC(4) - age   4:    1783144 bytes,    9446360 total
[2025-05-15T15:07:34.235+0000][7][gc,phases   ] GC(4)   Pre Evacuate Collection Set: 0.0ms
[2025-05-15T15:07:34.235+0000][7][gc,phases   ] GC(4)   Merge Heap Roots: 0.0ms
[2025-05-15T15:07:34.235+0000][7][gc,phases   ] GC(4)   Evacuate Collection Set: 2.5ms
[2025-05-15T15:07:34.235+0000][7][gc,phases   ] GC(4)   Post Evacuate Collection Set: 0.4ms
[2025-05-15T15:07:34.235+0000][7][gc,phases   ] GC(4)   Other: 0.1ms
[2025-05-15T15:07:34.235+0000][7][gc,heap     ] GC(4) Eden regions: 35->0(35)
[2025-05-15T15:07:34.235+0000][7][gc,heap     ] GC(4) Survivor regions: 3->3(5)
[2025-05-15T15:07:34.235+0000][7][gc,heap     ] GC(4) Old regions: 1->1
[2025-05-15T15:07:34.235+0000][7][gc,heap     ] GC(4) Archive regions: 2->2
[2025-05-15T15:07:34.235+0000][7][gc,heap     ] GC(4) Humongous regions: 0->0
[2025-05-15T15:07:34.235+0000][7][gc,metaspace] GC(4) Metaspace: 18488K(19328K)->18488K(19328K) NonClass: 16288K(16896K)->16288K(16896K) Class: 2200K(2432K)->2200K(2432K)
[2025-05-15T15:07:34.235+0000][7][gc          ] GC(4) Pause Young (Normal) (G1 Evacuation Pause) 155M->16M(256M) 3.222ms
[2025-05-15T15:07:34.235+0000][7][gc,cpu      ] GC(4) User=0.02s Sys=0.00s Real=0.00s
[2025-05-15T15:07:34.235+0000][7][safepoint   ] Safepoint "G1CollectForAllocation", Time since last: 179632946 ns, Reaching safepoint: 116653 ns, At safepoint: 3265555 ns, Total: 3382208 ns
[2025-05-15T15:07:34.397+0000][7][gc,start    ] GC(5) Pause Young (Normal) (G1 Evacuation Pause)
[2025-05-15T15:07:34.397+0000][7][gc,task     ] GC(5) Using 6 workers of 11 for evacuation
[2025-05-15T15:07:34.397+0000][7][gc,age      ] GC(5) Desired survivor size 10485760 bytes, new threshold 15 (max threshold 15)
[2025-05-15T15:07:34.400+0000][7][gc,age      ] GC(5) Age table with threshold 15 (max threshold 15)
[2025-05-15T15:07:34.400+0000][7][gc,age      ] GC(5) - age   1:    3518568 bytes,    3518568 total
[2025-05-15T15:07:34.400+0000][7][gc,age      ] GC(5) - age   2:    1882368 bytes,    5400936 total
[2025-05-15T15:07:34.400+0000][7][gc,age      ] GC(5) - age   3:    3031504 bytes,    8432440 total
[2025-05-15T15:07:34.400+0000][7][gc,age      ] GC(5) - age   4:    1652104 bytes,   10084544 total
[2025-05-15T15:07:34.400+0000][7][gc,age      ] GC(5) - age   5:    1783144 bytes,   11867688 total
[2025-05-15T15:07:34.400+0000][7][gc,phases   ] GC(5)   Pre Evacuate Collection Set: 0.0ms
[2025-05-15T15:07:34.400+0000][7][gc,phases   ] GC(5)   Merge Heap Roots: 0.1ms
[2025-05-15T15:07:34.400+0000][7][gc,phases   ] GC(5)   Evacuate Collection Set: 2.3ms
[2025-05-15T15:07:34.400+0000][7][gc,phases   ] GC(5)   Post Evacuate Collection Set: 0.4ms
[2025-05-15T15:07:34.400+0000][7][gc,phases   ] GC(5)   Other: 0.1ms
[2025-05-15T15:07:34.400+0000][7][gc,heap     ] GC(5) Eden regions: 35->0(35)
[2025-05-15T15:07:34.400+0000][7][gc,heap     ] GC(5) Survivor regions: 3->3(5)
[2025-05-15T15:07:34.400+0000][7][gc,heap     ] GC(5) Old regions: 1->1
[2025-05-15T15:07:34.400+0000][7][gc,heap     ] GC(5) Archive regions: 2->2
[2025-05-15T15:07:34.400+0000][7][gc,heap     ] GC(5) Humongous regions: 0->0
[2025-05-15T15:07:34.400+0000][7][gc,metaspace] GC(5) Metaspace: 18956K(19712K)->18956K(19712K) NonClass: 16681K(17152K)->16681K(17152K) Class: 2274K(2560K)->2274K(2560K)
[2025-05-15T15:07:34.400+0000][7][gc          ] GC(5) Pause Young (Normal) (G1 Evacuation Pause) 156M->19M(256M) 2.953ms
[2025-05-15T15:07:34.400+0000][7][gc,cpu      ] GC(5) User=0.02s Sys=0.00s Real=0.01s
[2025-05-15T15:07:34.400+0000][7][safepoint   ] Safepoint "G1CollectForAllocation", Time since last: 162243164 ns, Reaching safepoint: 89612 ns, At safepoint: 3008479 ns, Total: 3098091 ns
[2025-05-15T15:07:34.504+0000][7][gc,start    ] GC(6) Pause Young (Normal) (G1 Evacuation Pause)
[2025-05-15T15:07:34.505+0000][7][gc,task     ] GC(6) Using 6 workers of 11 for evacuation
[2025-05-15T15:07:34.505+0000][7][gc,age      ] GC(6) Desired survivor size 10485760 bytes, new threshold 5 (max threshold 15)
[2025-05-15T15:07:34.507+0000][7][gc,age      ] GC(6) Age table with threshold 5 (max threshold 15)
[2025-05-15T15:07:34.507+0000][7][gc,age      ] GC(6) - age   1:    1735624 bytes,    1735624 total
[2025-05-15T15:07:34.507+0000][7][gc,age      ] GC(6) - age   2:    1478320 bytes,    3213944 total
[2025-05-15T15:07:34.507+0000][7][gc,age      ] GC(6) - age   3:    1882368 bytes,    5096312 total
[2025-05-15T15:07:34.507+0000][7][gc,age      ] GC(6) - age   4:    3031504 bytes,    8127816 total
[2025-05-15T15:07:34.507+0000][7][gc,age      ] GC(6) - age   5:    1652104 bytes,    9779920 total
[2025-05-15T15:07:34.507+0000][7][gc,phases   ] GC(6)   Pre Evacuate Collection Set: 0.0ms
[2025-05-15T15:07:34.507+0000][7][gc,phases   ] GC(6)   Merge Heap Roots: 0.0ms
[2025-05-15T15:07:34.507+0000][7][gc,phases   ] GC(6)   Evacuate Collection Set: 2.0ms
[2025-05-15T15:07:34.507+0000][7][gc,phases   ] GC(6)   Post Evacuate Collection Set: 0.4ms
[2025-05-15T15:07:34.507+0000][7][gc,phases   ] GC(6)   Other: 0.1ms
[2025-05-15T15:07:34.507+0000][7][gc,heap     ] GC(6) Eden regions: 35->0(35)
[2025-05-15T15:07:34.507+0000][7][gc,heap     ] GC(6) Survivor regions: 3->3(5)
[2025-05-15T15:07:34.507+0000][7][gc,heap     ] GC(6) Old regions: 1->2
[2025-05-15T15:07:34.507+0000][7][gc,heap     ] GC(6) Archive regions: 2->2
[2025-05-15T15:07:34.507+0000][7][gc,heap     ] GC(6) Humongous regions: 0->0
[2025-05-15T15:07:34.507+0000][7][gc,metaspace] GC(6) Metaspace: 19242K(20224K)->19242K(20224K) NonClass: 16937K(17664K)->16937K(17664K) Class: 2305K(2560K)->2305K(2560K)
[2025-05-15T15:07:34.507+0000][7][gc          ] GC(6) Pause Young (Normal) (G1 Evacuation Pause) 159M->19M(256M) 2.528ms
[2025-05-15T15:07:34.507+0000][7][gc,cpu      ] GC(6) User=0.02s Sys=0.00s Real=0.00s
[2025-05-15T15:07:34.507+0000][7][safepoint   ] Safepoint "G1CollectForAllocation", Time since last: 104025954 ns, Reaching safepoint: 112873 ns, At safepoint: 2569577 ns, Total: 2682450 ns
[2025-05-15T15:07:34.620+0000][7][gc,start    ] GC(7) Pause Young (Normal) (G1 Evacuation Pause)
[2025-05-15T15:07:34.620+0000][7][gc,task     ] GC(7) Using 6 workers of 11 for evacuation
[2025-05-15T15:07:34.620+0000][7][gc,age      ] GC(7) Desired survivor size 10485760 bytes, new threshold 15 (max threshold 15)
[2025-05-15T15:07:34.624+0000][7][gc,age      ] GC(7) Age table with threshold 15 (max threshold 15)
[2025-05-15T15:07:34.624+0000][7][gc,age      ] GC(7) - age   1:    1755592 bytes,    1755592 total
[2025-05-15T15:07:34.624+0000][7][gc,age      ] GC(7) - age   2:    1240832 bytes,    2996424 total
[2025-05-15T15:07:34.624+0000][7][gc,age      ] GC(7) - age   3:    1477680 bytes,    4474104 total
[2025-05-15T15:07:34.624+0000][7][gc,age      ] GC(7) - age   4:    1882304 bytes,    6356408 total
[2025-05-15T15:07:34.624+0000][7][gc,age      ] GC(7) - age   5:    3027552 bytes,    9383960 total
[2025-05-15T15:07:34.624+0000][7][gc,age      ] GC(7) - age   6:    1652104 bytes,   11036064 total
[2025-05-15T15:07:34.624+0000][7][gc,phases   ] GC(7)   Pre Evacuate Collection Set: 0.0ms
[2025-05-15T15:07:34.624+0000][7][gc,phases   ] GC(7)   Merge Heap Roots: 0.1ms
[2025-05-15T15:07:34.624+0000][7][gc,phases   ] GC(7)   Evacuate Collection Set: 3.7ms
[2025-05-15T15:07:34.624+0000][7][gc,phases   ] GC(7)   Post Evacuate Collection Set: 0.5ms
[2025-05-15T15:07:34.624+0000][7][gc,phases   ] GC(7)   Other: 0.2ms
[2025-05-15T15:07:34.624+0000][7][gc,heap     ] GC(7) Eden regions: 35->0(35)
[2025-05-15T15:07:34.624+0000][7][gc,heap     ] GC(7) Survivor regions: 3->3(5)
[2025-05-15T15:07:34.624+0000][7][gc,heap     ] GC(7) Old regions: 2->2
[2025-05-15T15:07:34.624+0000][7][gc,heap     ] GC(7) Archive regions: 2->2
[2025-05-15T15:07:34.624+0000][7][gc,heap     ] GC(7) Humongous regions: 0->0
[2025-05-15T15:07:34.624+0000][7][gc,metaspace] GC(7) Metaspace: 19381K(20480K)->19381K(20480K) NonClass: 17050K(17920K)->17050K(17920K) Class: 2330K(2560K)->2330K(2560K)
[2025-05-15T15:07:34.624+0000][7][gc          ] GC(7) Pause Young (Normal) (G1 Evacuation Pause) 159M->20M(256M) 4.564ms
[2025-05-15T15:07:34.624+0000][7][gc,cpu      ] GC(7) User=0.02s Sys=0.00s Real=0.00s
[2025-05-15T15:07:34.624+0000][7][safepoint   ] Safepoint "G1CollectForAllocation", Time since last: 111949761 ns, Reaching safepoint: 581245 ns, At safepoint: 4621200 ns, Total: 5202445 ns
[2025-05-15T15:07:34.777+0000][7][gc,start    ] GC(8) Pause Young (Normal) (G1 Evacuation Pause)
[2025-05-15T15:07:34.777+0000][7][gc,task     ] GC(8) Using 6 workers of 11 for evacuation
[2025-05-15T15:07:34.777+0000][7][gc,age      ] GC(8) Desired survivor size 10485760 bytes, new threshold 6 (max threshold 15)
[2025-05-15T15:07:34.780+0000][7][gc,age      ] GC(8) Age table with threshold 6 (max threshold 15)
[2025-05-15T15:07:34.780+0000][7][gc,age      ] GC(8) - age   1:     888968 bytes,     888968 total
[2025-05-15T15:07:34.780+0000][7][gc,age      ] GC(8) - age   2:     255960 bytes,    1144928 total
[2025-05-15T15:07:34.780+0000][7][gc,age      ] GC(8) - age   3:    1240832 bytes,    2385760 total
[2025-05-15T15:07:34.780+0000][7][gc,age      ] GC(8) - age   4:    1477680 bytes,    3863440 total
[2025-05-15T15:07:34.780+0000][7][gc,age      ] GC(8) - age   5:    1882304 bytes,    5745744 total
[2025-05-15T15:07:34.780+0000][7][gc,age      ] GC(8) - age   6:    3027552 bytes,    8773296 total
[2025-05-15T15:07:34.780+0000][7][gc,phases   ] GC(8)   Pre Evacuate Collection Set: 0.1ms
[2025-05-15T15:07:34.780+0000][7][gc,phases   ] GC(8)   Merge Heap Roots: 0.1ms
[2025-05-15T15:07:34.780+0000][7][gc,phases   ] GC(8)   Evacuate Collection Set: 2.3ms
[2025-05-15T15:07:34.780+0000][7][gc,phases   ] GC(8)   Post Evacuate Collection Set: 0.5ms
[2025-05-15T15:07:34.780+0000][7][gc,phases   ] GC(8)   Other: 0.1ms
[2025-05-15T15:07:34.780+0000][7][gc,heap     ] GC(8) Eden regions: 35->0(35)
[2025-05-15T15:07:34.780+0000][7][gc,heap     ] GC(8) Survivor regions: 3->3(5)
[2025-05-15T15:07:34.780+0000][7][gc,heap     ] GC(8) Old regions: 2->2
[2025-05-15T15:07:34.780+0000][7][gc,heap     ] GC(8) Archive regions: 2->2
[2025-05-15T15:07:34.780+0000][7][gc,heap     ] GC(8) Humongous regions: 0->0
[2025-05-15T15:07:34.780+0000][7][gc,metaspace] GC(8) Metaspace: 19605K(20864K)->19605K(20864K) NonClass: 17232K(18176K)->17232K(18176K) Class: 2372K(2688K)->2372K(2688K)
[2025-05-15T15:07:34.780+0000][7][gc          ] GC(8) Pause Young (Normal) (G1 Evacuation Pause) 160M->20M(256M) 3.031ms
[2025-05-15T15:07:34.780+0000][7][gc,cpu      ] GC(8) User=0.01s Sys=0.00s Real=0.01s
[2025-05-15T15:07:34.780+0000][7][safepoint   ] Safepoint "G1CollectForAllocation", Time since last: 152529920 ns, Reaching safepoint: 116174 ns, At safepoint: 3078169 ns, Total: 3194343 ns
[2025-05-15T15:07:34.894+0000][7][gc,start    ] GC(9) Pause Young (Normal) (G1 Evacuation Pause)
[2025-05-15T15:07:34.894+0000][7][gc,task     ] GC(9) Using 6 workers of 11 for evacuation
[2025-05-15T15:07:34.894+0000][7][gc,age      ] GC(9) Desired survivor size 10485760 bytes, new threshold 15 (max threshold 15)
[2025-05-15T15:07:34.897+0000][7][gc,age      ] GC(9) Age table with threshold 15 (max threshold 15)
[2025-05-15T15:07:34.897+0000][7][gc,age      ] GC(9) - age   1:    1381984 bytes,    1381984 total
[2025-05-15T15:07:34.897+0000][7][gc,age      ] GC(9) - age   2:     292744 bytes,    1674728 total
[2025-05-15T15:07:34.897+0000][7][gc,age      ] GC(9) - age   3:     255808 bytes,    1930536 total
[2025-05-15T15:07:34.897+0000][7][gc,age      ] GC(9) - age   4:    1240832 bytes,    3171368 total
[2025-05-15T15:07:34.897+0000][7][gc,age      ] GC(9) - age   5:    1477008 bytes,    4648376 total
[2025-05-15T15:07:34.897+0000][7][gc,age      ] GC(9) - age   6:    1882016 bytes,    6530392 total
[2025-05-15T15:07:34.897+0000][7][gc,age      ] GC(9) - age   7:    3027424 bytes,    9557816 total
[2025-05-15T15:07:34.897+0000][7][gc,phases   ] GC(9)   Pre Evacuate Collection Set: 0.0ms
[2025-05-15T15:07:34.897+0000][7][gc,phases   ] GC(9)   Merge Heap Roots: 0.0ms
[2025-05-15T15:07:34.897+0000][7][gc,phases   ] GC(9)   Evacuate Collection Set: 2.2ms
[2025-05-15T15:07:34.897+0000][7][gc,phases   ] GC(9)   Post Evacuate Collection Set: 0.4ms
[2025-05-15T15:07:34.897+0000][7][gc,phases   ] GC(9)   Other: 0.1ms
[2025-05-15T15:07:34.897+0000][7][gc,heap     ] GC(9) Eden regions: 35->0(35)
[2025-05-15T15:07:34.897+0000][7][gc,heap     ] GC(9) Survivor regions: 3->3(5)
[2025-05-15T15:07:34.897+0000][7][gc,heap     ] GC(9) Old regions: 2->2
[2025-05-15T15:07:34.897+0000][7][gc,heap     ] GC(9) Archive regions: 2->2
[2025-05-15T15:07:34.897+0000][7][gc,heap     ] GC(9) Humongous regions: 0->0
[2025-05-15T15:07:34.897+0000][7][gc,metaspace] GC(9) Metaspace: 19674K(20864K)->19674K(20864K) NonClass: 17288K(18176K)->17288K(18176K) Class: 2385K(2688K)->2385K(2688K)
[2025-05-15T15:07:34.897+0000][7][gc          ] GC(9) Pause Young (Normal) (G1 Evacuation Pause) 160M->20M(256M) 2.998ms
[2025-05-15T15:07:34.897+0000][7][gc,cpu      ] GC(9) User=0.02s Sys=0.00s Real=0.00s
[2025-05-15T15:07:34.897+0000][7][safepoint   ] Safepoint "G1CollectForAllocation", Time since last: 113811090 ns, Reaching safepoint: 78622 ns, At safepoint: 3045830 ns, Total: 3124452 ns
[2025-05-15T15:07:35.033+0000][7][gc,start    ] GC(10) Pause Young (Normal) (G1 Evacuation Pause)
[2025-05-15T15:07:35.033+0000][7][gc,task     ] GC(10) Using 6 workers of 11 for evacuation
[2025-05-15T15:07:35.033+0000][7][gc,age      ] GC(10) Desired survivor size 10485760 bytes, new threshold 15 (max threshold 15)
[2025-05-15T15:07:35.036+0000][7][gc,age      ] GC(10) Age table with threshold 15 (max threshold 15)
[2025-05-15T15:07:35.036+0000][7][gc,age      ] GC(10) - age   1:    2935104 bytes,    2935104 total
[2025-05-15T15:07:35.036+0000][7][gc,age      ] GC(10) - age   2:     412144 bytes,    3347248 total
[2025-05-15T15:07:35.036+0000][7][gc,age      ] GC(10) - age   3:     292744 bytes,    3639992 total
[2025-05-15T15:07:35.036+0000][7][gc,age      ] GC(10) - age   4:     255744 bytes,    3895736 total
[2025-05-15T15:07:35.036+0000][7][gc,age      ] GC(10) - age   5:    1240832 bytes,    5136568 total
[2025-05-15T15:07:35.036+0000][7][gc,age      ] GC(10) - age   6:    1475968 bytes,    6612536 total
[2025-05-15T15:07:35.036+0000][7][gc,age      ] GC(10) - age   7:    1881824 bytes,    8494360 total
[2025-05-15T15:07:35.036+0000][7][gc,age      ] GC(10) - age   8:    3027128 bytes,   11521488 total
[2025-05-15T15:07:35.036+0000][7][gc,phases   ] GC(10)   Pre Evacuate Collection Set: 0.1ms
[2025-05-15T15:07:35.036+0000][7][gc,phases   ] GC(10)   Merge Heap Roots: 0.0ms
[2025-05-15T15:07:35.036+0000][7][gc,phases   ] GC(10)   Evacuate Collection Set: 2.1ms
[2025-05-15T15:07:35.036+0000][7][gc,phases   ] GC(10)   Post Evacuate Collection Set: 0.4ms
[2025-05-15T15:07:35.036+0000][7][gc,phases   ] GC(10)   Other: 0.1ms
[2025-05-15T15:07:35.036+0000][7][gc,heap     ] GC(10) Eden regions: 35->0(35)
[2025-05-15T15:07:35.036+0000][7][gc,heap     ] GC(10) Survivor regions: 3->3(5)
[2025-05-15T15:07:35.036+0000][7][gc,heap     ] GC(10) Old regions: 2->2
[2025-05-15T15:07:35.036+0000][7][gc,heap     ] GC(10) Archive regions: 2->2
[2025-05-15T15:07:35.036+0000][7][gc,heap     ] GC(10) Humongous regions: 0->0
[2025-05-15T15:07:35.036+0000][7][gc,metaspace] GC(10) Metaspace: 19984K(21248K)->19984K(21248K) NonClass: 17544K(18432K)->17544K(18432K) Class: 2439K(2816K)->2439K(2816K)
[2025-05-15T15:07:35.036+0000][7][gc          ] GC(10) Pause Young (Normal) (G1 Evacuation Pause) 160M->22M(256M) 2.802ms
[2025-05-15T15:07:35.036+0000][7][gc,cpu      ] GC(10) User=0.01s Sys=0.00s Real=0.00s
[2025-05-15T15:07:35.036+0000][7][safepoint   ] Safepoint "G1CollectForAllocation", Time since last: 135160866 ns, Reaching safepoint: 877124 ns, At safepoint: 2864284 ns, Total: 3741408 ns
[2025-05-15T15:07:35.045+0000][7][gc,start    ] GC(11) Pause Young (Concurrent Start) (Metadata GC Threshold)
[2025-05-15T15:07:35.045+0000][7][gc,task     ] GC(11) Using 6 workers of 11 for evacuation
[2025-05-15T15:07:35.045+0000][7][gc,age      ] GC(11) Desired survivor size 10485760 bytes, new threshold 8 (max threshold 15)
[2025-05-15T15:07:35.047+0000][7][gc,age      ] GC(11) Age table with threshold 8 (max threshold 15)
[2025-05-15T15:07:35.047+0000][7][gc,age      ] GC(11) - age   1:      70784 bytes,      70784 total
[2025-05-15T15:07:35.047+0000][7][gc,age      ] GC(11) - age   2:    1616712 bytes,    1687496 total
[2025-05-15T15:07:35.047+0000][7][gc,age      ] GC(11) - age   3:     412144 bytes,    2099640 total
[2025-05-15T15:07:35.047+0000][7][gc,age      ] GC(11) - age   4:     292744 bytes,    2392384 total
[2025-05-15T15:07:35.047+0000][7][gc,age      ] GC(11) - age   5:     255744 bytes,    2648128 total
[2025-05-15T15:07:35.047+0000][7][gc,age      ] GC(11) - age   6:    1240832 bytes,    3888960 total
[2025-05-15T15:07:35.047+0000][7][gc,age      ] GC(11) - age   7:    1475968 bytes,    5364928 total
[2025-05-15T15:07:35.047+0000][7][gc,age      ] GC(11) - age   8:    1881824 bytes,    7246752 total
[2025-05-15T15:07:35.047+0000][7][gc,phases   ] GC(11)   Pre Evacuate Collection Set: 0.1ms
[2025-05-15T15:07:35.047+0000][7][gc,phases   ] GC(11)   Merge Heap Roots: 0.1ms
[2025-05-15T15:07:35.047+0000][7][gc,phases   ] GC(11)   Evacuate Collection Set: 1.9ms
[2025-05-15T15:07:35.047+0000][7][gc,phases   ] GC(11)   Post Evacuate Collection Set: 0.3ms
[2025-05-15T15:07:35.047+0000][7][gc,phases   ] GC(11)   Other: 0.1ms
[2025-05-15T15:07:35.047+0000][7][gc,heap     ] GC(11) Eden regions: 2->0(36)
[2025-05-15T15:07:35.047+0000][7][gc,heap     ] GC(11) Survivor regions: 3->2(5)
[2025-05-15T15:07:35.047+0000][7][gc,heap     ] GC(11) Old regions: 2->3
[2025-05-15T15:07:35.047+0000][7][gc,heap     ] GC(11) Archive regions: 2->2
[2025-05-15T15:07:35.047+0000][7][gc,heap     ] GC(11) Humongous regions: 0->0
[2025-05-15T15:07:35.047+0000][7][gc,metaspace] GC(11) Metaspace: 20008K(21248K)->20008K(21248K) NonClass: 17567K(18432K)->17567K(18432K) Class: 2440K(2816K)->2440K(2816K)
[2025-05-15T15:07:35.047+0000][7][gc          ] GC(11) Pause Young (Concurrent Start) (Metadata GC Threshold) 30M->21M(256M) 2.587ms
[2025-05-15T15:07:35.047+0000][7][gc,cpu      ] GC(11) User=0.01s Sys=0.00s Real=0.00s
[2025-05-15T15:07:35.047+0000][7][gc          ] GC(12) Concurrent Cycle
[2025-05-15T15:07:35.047+0000][7][gc,marking  ] GC(12) Concurrent Clear Claimed Marks
[2025-05-15T15:07:35.047+0000][7][gc,marking  ] GC(12) Concurrent Clear Claimed Marks 0.041ms
[2025-05-15T15:07:35.047+0000][7][gc,marking  ] GC(12) Concurrent Scan Root Regions
[2025-05-15T15:07:35.048+0000][7][safepoint   ] Safepoint "CollectForMetadataAllocation", Time since last: 8942714 ns, Reaching safepoint: 53751 ns, At safepoint: 2785182 ns, Total: 2838933 ns
[2025-05-15T15:07:35.049+0000][7][gc,marking  ] GC(12) Concurrent Scan Root Regions 1.571ms
[2025-05-15T15:07:35.049+0000][7][gc,marking  ] GC(12) Concurrent Mark (2.553s)
[2025-05-15T15:07:35.049+0000][7][gc,marking  ] GC(12) Concurrent Mark From Roots
[2025-05-15T15:07:35.049+0000][7][gc,task     ] GC(12) Using 3 workers of 3 for marking
[2025-05-15T15:07:35.053+0000][7][gc,marking  ] GC(12) Concurrent Mark From Roots 3.459ms
[2025-05-15T15:07:35.053+0000][7][gc,marking  ] GC(12) Concurrent Preclean
[2025-05-15T15:07:35.053+0000][7][gc,marking  ] GC(12) Concurrent Preclean 0.128ms
[2025-05-15T15:07:35.053+0000][7][gc,marking  ] GC(12) Concurrent Mark (2.553s, 2.557s) 3.624ms
[2025-05-15T15:07:35.053+0000][7][gc,start    ] GC(12) Pause Remark
[2025-05-15T15:07:35.054+0000][7][gc          ] GC(12) Pause Remark 27M->27M(256M) 1.154ms
[2025-05-15T15:07:35.054+0000][7][gc,cpu      ] GC(12) User=0.01s Sys=0.00s Real=0.00s
[2025-05-15T15:07:35.054+0000][7][safepoint   ] Safepoint "G1Concurrent", Time since last: 5181866 ns, Reaching safepoint: 64831 ns, At safepoint: 1191291 ns, Total: 1256122 ns
[2025-05-15T15:07:35.054+0000][7][gc,marking  ] GC(12) Concurrent Rebuild Remembered Sets
[2025-05-15T15:07:35.057+0000][7][gc,marking  ] GC(12) Concurrent Rebuild Remembered Sets 2.642ms
[2025-05-15T15:07:35.057+0000][7][gc,start    ] GC(12) Pause Cleanup
[2025-05-15T15:07:35.057+0000][7][gc          ] GC(12) Pause Cleanup 31M->31M(256M) 0.062ms
[2025-05-15T15:07:35.057+0000][7][gc,cpu      ] GC(12) User=0.00s Sys=0.00s Real=0.00s
[2025-05-15T15:07:35.057+0000][7][safepoint   ] Safepoint "G1Concurrent", Time since last: 2722061 ns, Reaching safepoint: 264377 ns, At safepoint: 88062 ns, Total: 352439 ns
[2025-05-15T15:07:35.057+0000][7][gc,marking  ] GC(12) Concurrent Cleanup for Next Mark
[2025-05-15T15:07:35.057+0000][7][gc,marking  ] GC(12) Concurrent Cleanup for Next Mark 0.203ms
[2025-05-15T15:07:35.057+0000][7][gc          ] GC(12) Concurrent Cycle 9.904ms
[2025-05-15T15:07:35.163+0000][7][gc,start    ] GC(13) Pause Young (Normal) (G1 Evacuation Pause)
[2025-05-15T15:07:35.163+0000][7][gc,task     ] GC(13) Using 6 workers of 11 for evacuation
[2025-05-15T15:07:35.163+0000][7][gc,age      ] GC(13) Desired survivor size 10485760 bytes, new threshold 15 (max threshold 15)
[2025-05-15T15:07:35.165+0000][7][gc,age      ] GC(13) Age table with threshold 15 (max threshold 15)
[2025-05-15T15:07:35.165+0000][7][gc,age      ] GC(13) - age   1:     529992 bytes,     529992 total
[2025-05-15T15:07:35.165+0000][7][gc,age      ] GC(13) - age   2:      34472 bytes,     564464 total
[2025-05-15T15:07:35.165+0000][7][gc,age      ] GC(13) - age   3:    1616576 bytes,    2181040 total
[2025-05-15T15:07:35.165+0000][7][gc,age      ] GC(13) - age   4:     411152 bytes,    2592192 total
[2025-05-15T15:07:35.165+0000][7][gc,age      ] GC(13) - age   5:     292680 bytes,    2884872 total
[2025-05-15T15:07:35.165+0000][7][gc,age      ] GC(13) - age   6:     255472 bytes,    3140344 total
[2025-05-15T15:07:35.165+0000][7][gc,age      ] GC(13) - age   7:    1240832 bytes,    4381176 total
[2025-05-15T15:07:35.165+0000][7][gc,age      ] GC(13) - age   8:    1475968 bytes,    5857144 total
[2025-05-15T15:07:35.165+0000][7][gc,age      ] GC(13) - age   9:    1881824 bytes,    7738968 total
[2025-05-15T15:07:35.165+0000][7][gc,phases   ] GC(13)   Pre Evacuate Collection Set: 0.1ms
[2025-05-15T15:07:35.165+0000][7][gc,phases   ] GC(13)   Merge Heap Roots: 0.1ms
[2025-05-15T15:07:35.165+0000][7][gc,phases   ] GC(13)   Evacuate Collection Set: 1.4ms
[2025-05-15T15:07:35.165+0000][7][gc,phases   ] GC(13)   Post Evacuate Collection Set: 0.4ms
[2025-05-15T15:07:35.165+0000][7][gc,phases   ] GC(13)   Other: 0.1ms
[2025-05-15T15:07:35.165+0000][7][gc,heap     ] GC(13) Eden regions: 36->0(36)
[2025-05-15T15:07:35.165+0000][7][gc,heap     ] GC(13) Survivor regions: 2->2(5)
[2025-05-15T15:07:35.165+0000][7][gc,heap     ] GC(13) Old regions: 3->3
[2025-05-15T15:07:35.165+0000][7][gc,heap     ] GC(13) Archive regions: 2->2
[2025-05-15T15:07:35.165+0000][7][gc,heap     ] GC(13) Humongous regions: 0->0
[2025-05-15T15:07:35.165+0000][7][gc,metaspace] GC(13) Metaspace: 20072K(21504K)->20072K(21504K) NonClass: 17620K(18688K)->17620K(18688K) Class: 2452K(2816K)->2452K(2816K)
[2025-05-15T15:07:35.165+0000][7][gc          ] GC(13) Pause Young (Normal) (G1 Evacuation Pause) 165M->21M(256M) 2.047ms
[2025-05-15T15:07:35.165+0000][7][gc,cpu      ] GC(13) User=0.01s Sys=0.00s Real=0.00s
[2025-05-15T15:07:35.165+0000][7][safepoint   ] Safepoint "G1CollectForAllocation", Time since last: 105507804 ns, Reaching safepoint: 90172 ns, At safepoint: 2089184 ns, Total: 2179356 ns
[2025-05-15T15:07:35.241+0000][7][gc,start    ] GC(14) Pause Young (Normal) (G1 Evacuation Pause)
[2025-05-15T15:07:35.241+0000][7][gc,task     ] GC(14) Using 6 workers of 11 for evacuation
[2025-05-15T15:07:35.241+0000][7][gc,age      ] GC(14) Desired survivor size 10485760 bytes, new threshold 15 (max threshold 15)
[2025-05-15T15:07:35.243+0000][7][gc,age      ] GC(14) Age table with threshold 15 (max threshold 15)
[2025-05-15T15:07:35.243+0000][7][gc,age      ] GC(14) - age   1:     968112 bytes,     968112 total
[2025-05-15T15:07:35.243+0000][7][gc,age      ] GC(14) - age   2:     509224 bytes,    1477336 total
[2025-05-15T15:07:35.243+0000][7][gc,age      ] GC(14) - age   3:      34472 bytes,    1511808 total
[2025-05-15T15:07:35.243+0000][7][gc,age      ] GC(14) - age   4:    1616576 bytes,    3128384 total
[2025-05-15T15:07:35.243+0000][7][gc,age      ] GC(14) - age   5:     410936 bytes,    3539320 total
[2025-05-15T15:07:35.243+0000][7][gc,age      ] GC(14) - age   6:     292680 bytes,    3832000 total
[2025-05-15T15:07:35.243+0000][7][gc,age      ] GC(14) - age   7:     255200 bytes,    4087200 total
[2025-05-15T15:07:35.243+0000][7][gc,age      ] GC(14) - age   8:    1240832 bytes,    5328032 total
[2025-05-15T15:07:35.243+0000][7][gc,age      ] GC(14) - age   9:    1475968 bytes,    6804000 total
[2025-05-15T15:07:35.243+0000][7][gc,age      ] GC(14) - age  10:    1881824 bytes,    8685824 total
[2025-05-15T15:07:35.243+0000][7][gc,phases   ] GC(14)   Pre Evacuate Collection Set: 0.0ms
[2025-05-15T15:07:35.243+0000][7][gc,phases   ] GC(14)   Merge Heap Roots: 0.1ms
[2025-05-15T15:07:35.243+0000][7][gc,phases   ] GC(14)   Evacuate Collection Set: 1.4ms
[2025-05-15T15:07:35.243+0000][7][gc,phases   ] GC(14)   Post Evacuate Collection Set: 0.3ms
[2025-05-15T15:07:35.243+0000][7][gc,phases   ] GC(14)   Other: 0.1ms
[2025-05-15T15:07:35.243+0000][7][gc,heap     ] GC(14) Eden regions: 36->0(35)
[2025-05-15T15:07:35.243+0000][7][gc,heap     ] GC(14) Survivor regions: 2->3(5)
[2025-05-15T15:07:35.243+0000][7][gc,heap     ] GC(14) Old regions: 3->3
[2025-05-15T15:07:35.243+0000][7][gc,heap     ] GC(14) Archive regions: 2->2
[2025-05-15T15:07:35.243+0000][7][gc,heap     ] GC(14) Humongous regions: 0->0
[2025-05-15T15:07:35.243+0000][7][gc,metaspace] GC(14) Metaspace: 20107K(21504K)->20107K(21504K) NonClass: 17645K(18688K)->17645K(18688K) Class: 2461K(2816K)->2461K(2816K)
[2025-05-15T15:07:35.243+0000][7][gc          ] GC(14) Pause Young (Normal) (G1 Evacuation Pause) 165M->22M(256M) 2.025ms
[2025-05-15T15:07:35.243+0000][7][gc,cpu      ] GC(14) User=0.01s Sys=0.00s Real=0.00s
[2025-05-15T15:07:35.243+0000][7][safepoint   ] Safepoint "G1CollectForAllocation", Time since last: 75956643 ns, Reaching safepoint: 69021 ns, At safepoint: 2072214 ns, Total: 2141235 ns
[2025-05-15T15:07:35.552+0000][7][safepoint   ] Safepoint "ICBufferFull", Time since last: 308583622 ns, Reaching safepoint: 190575 ns, At safepoint: 5000 ns, Total: 195575 ns
[2025-05-15T15:07:35.896+0000][7][safepoint   ] Safepoint "ICBufferFull", Time since last: 344507089 ns, Reaching safepoint: 175285 ns, At safepoint: 6210 ns, Total: 181495 ns
[2025-05-15T15:07:36.095+0000][7][gc,start    ] GC(15) Pause Young (Normal) (G1 Evacuation Pause)
[2025-05-15T15:07:36.095+0000][7][gc,task     ] GC(15) Using 6 workers of 11 for evacuation
[2025-05-15T15:07:36.095+0000][7][gc,age      ] GC(15) Desired survivor size 10485760 bytes, new threshold 15 (max threshold 15)
[2025-05-15T15:07:36.111+0000][7][gc,age      ] GC(15) Age table with threshold 15 (max threshold 15)
[2025-05-15T15:07:36.112+0000][7][gc,age      ] GC(15) - age   1:   12677424 bytes,   12677424 total
[2025-05-15T15:07:36.112+0000][7][gc,age      ] GC(15) - age   2:     369392 bytes,   13046816 total
[2025-05-15T15:07:36.112+0000][7][gc,age      ] GC(15) - age   3:     508472 bytes,   13555288 total
[2025-05-15T15:07:36.112+0000][7][gc,age      ] GC(15) - age   4:      34472 bytes,   13589760 total
[2025-05-15T15:07:36.112+0000][7][gc,age      ] GC(15) - age   5:    1612328 bytes,   15202088 total
[2025-05-15T15:07:36.112+0000][7][gc,age      ] GC(15) - age   6:     410376 bytes,   15612464 total
[2025-05-15T15:07:36.112+0000][7][gc,age      ] GC(15) - age   7:     292152 bytes,   15904616 total
[2025-05-15T15:07:36.112+0000][7][gc,age      ] GC(15) - age   8:     248184 bytes,   16152800 total
[2025-05-15T15:07:36.112+0000][7][gc,age      ] GC(15) - age   9:    1237504 bytes,   17390304 total
[2025-05-15T15:07:36.112+0000][7][gc,age      ] GC(15) - age  10:    1471928 bytes,   18862232 total
[2025-05-15T15:07:36.112+0000][7][gc,age      ] GC(15) - age  11:    1863632 bytes,   20725864 total
[2025-05-15T15:07:36.112+0000][7][gc,phases   ] GC(15)   Pre Evacuate Collection Set: 0.1ms
[2025-05-15T15:07:36.112+0000][7][gc,phases   ] GC(15)   Merge Heap Roots: 0.1ms
[2025-05-15T15:07:36.112+0000][7][gc,phases   ] GC(15)   Evacuate Collection Set: 10.9ms
[2025-05-15T15:07:36.112+0000][7][gc,phases   ] GC(15)   Post Evacuate Collection Set: 5.0ms
[2025-05-15T15:07:36.112+0000][7][gc,phases   ] GC(15)   Other: 0.2ms
[2025-05-15T15:07:36.112+0000][7][gc,heap     ] GC(15) Eden regions: 35->0(33)
[2025-05-15T15:07:36.112+0000][7][gc,heap     ] GC(15) Survivor regions: 3->5(5)
[2025-05-15T15:07:36.112+0000][7][gc,heap     ] GC(15) Old regions: 3->3
[2025-05-15T15:07:36.112+0000][7][gc,heap     ] GC(15) Archive regions: 2->2
[2025-05-15T15:07:36.112+0000][7][gc,heap     ] GC(15) Humongous regions: 0->0
[2025-05-15T15:07:36.112+0000][7][gc,metaspace] GC(15) Metaspace: 30075K(32256K)->30075K(32256K) NonClass: 26317K(27904K)->26317K(27904K) Class: 3757K(4352K)->3757K(4352K)
[2025-05-15T15:07:36.112+0000][7][gc          ] GC(15) Pause Young (Normal) (G1 Evacuation Pause) 162M->34M(256M) 16.222ms
[2025-05-15T15:07:36.112+0000][7][gc,cpu      ] GC(15) User=0.05s Sys=0.01s Real=0.02s
[2025-05-15T15:07:36.112+0000][7][safepoint   ] Safepoint "G1CollectForAllocation", Time since last: 198989671 ns, Reaching safepoint: 101074 ns, At safepoint: 16296525 ns, Total: 16397599 ns
[2025-05-15T15:07:36.501+0000][7][gc,start    ] GC(16) Pause Young (Normal) (G1 Evacuation Pause)
[2025-05-15T15:07:36.501+0000][7][gc,task     ] GC(16) Using 6 workers of 11 for evacuation
[2025-05-15T15:07:36.501+0000][7][gc,age      ] GC(16) Desired survivor size 10485760 bytes, new threshold 1 (max threshold 15)
[2025-05-15T15:07:36.512+0000][7][gc,age      ] GC(16) Age table with threshold 1 (max threshold 15)
[2025-05-15T15:07:36.512+0000][7][gc,age      ] GC(16) - age   1:   17174464 bytes,   17174464 total
[2025-05-15T15:07:36.512+0000][7][gc,phases   ] GC(16)   Pre Evacuate Collection Set: 0.1ms
[2025-05-15T15:07:36.512+0000][7][gc,phases   ] GC(16)   Merge Heap Roots: 0.1ms
[2025-05-15T15:07:36.512+0000][7][gc,phases   ] GC(16)   Evacuate Collection Set: 9.8ms
[2025-05-15T15:07:36.512+0000][7][gc,phases   ] GC(16)   Post Evacuate Collection Set: 0.5ms
[2025-05-15T15:07:36.512+0000][7][gc,phases   ] GC(16)   Other: 0.1ms
[2025-05-15T15:07:36.512+0000][7][gc,heap     ] GC(16) Eden regions: 33->0(32)
[2025-05-15T15:07:36.512+0000][7][gc,heap     ] GC(16) Survivor regions: 5->5(5)
[2025-05-15T15:07:36.512+0000][7][gc,heap     ] GC(16) Old regions: 3->8
[2025-05-15T15:07:36.512+0000][7][gc,heap     ] GC(16) Archive regions: 2->2
[2025-05-15T15:07:36.512+0000][7][gc,heap     ] GC(16) Humongous regions: 0->0
[2025-05-15T15:07:36.512+0000][7][gc,metaspace] GC(16) Metaspace: 30162K(32256K)->30162K(32256K) NonClass: 26395K(27904K)->26395K(27904K) Class: 3767K(4352K)->3767K(4352K)
[2025-05-15T15:07:36.512+0000][7][gc          ] GC(16) Pause Young (Normal) (G1 Evacuation Pause) 166M->53M(256M) 10.608ms
[2025-05-15T15:07:36.512+0000][7][gc,cpu      ] GC(16) User=0.07s Sys=0.00s Real=0.01s
[2025-05-15T15:07:36.512+0000][7][safepoint   ] Safepoint "G1CollectForAllocation", Time since last: 389376340 ns, Reaching safepoint: 127203 ns, At safepoint: 10670468 ns, Total: 10797671 ns
[2025-05-15T15:07:36.709+0000][7][safepoint   ] Safepoint "ICBufferFull", Time since last: 196812416 ns, Reaching safepoint: 390910 ns, At safepoint: 9500 ns, Total: 400410 ns
[2025-05-15T15:07:36.709+0000][7][gc,start    ] GC(17) Pause Young (Concurrent Start) (Metadata GC Threshold)
[2025-05-15T15:07:36.709+0000][7][gc,task     ] GC(17) Using 6 workers of 11 for evacuation
[2025-05-15T15:07:36.710+0000][7][gc,age      ] GC(17) Desired survivor size 10485760 bytes, new threshold 1 (max threshold 15)
[2025-05-15T15:07:36.715+0000][7][gc,age      ] GC(17) Age table with threshold 1 (max threshold 15)
[2025-05-15T15:07:36.715+0000][7][gc,age      ] GC(17) - age   1:    7751568 bytes,    7751568 total
[2025-05-15T15:07:36.715+0000][7][gc,phases   ] GC(17)   Pre Evacuate Collection Set: 0.1ms
[2025-05-15T15:07:36.715+0000][7][gc,phases   ] GC(17)   Merge Heap Roots: 0.1ms
[2025-05-15T15:07:36.715+0000][7][gc,phases   ] GC(17)   Evacuate Collection Set: 5.1ms
[2025-05-15T15:07:36.715+0000][7][gc,phases   ] GC(17)   Post Evacuate Collection Set: 0.4ms
[2025-05-15T15:07:36.715+0000][7][gc,phases   ] GC(17)   Other: 0.2ms
[2025-05-15T15:07:36.715+0000][7][gc,heap     ] GC(17) Eden regions: 12->0(28)
[2025-05-15T15:07:36.715+0000][7][gc,heap     ] GC(17) Survivor regions: 5->3(5)
[2025-05-15T15:07:36.715+0000][7][gc,heap     ] GC(17) Old regions: 8->12
[2025-05-15T15:07:36.715+0000][7][gc,heap     ] GC(17) Archive regions: 2->2
[2025-05-15T15:07:36.715+0000][7][gc,heap     ] GC(17) Humongous regions: 0->0
[2025-05-15T15:07:36.715+0000][7][gc,metaspace] GC(17) Metaspace: 33819K(35840K)->33819K(35840K) NonClass: 29456K(30848K)->29456K(30848K) Class: 4362K(4992K)->4362K(4992K)
[2025-05-15T15:07:36.715+0000][7][gc          ] GC(17) Pause Young (Concurrent Start) (Metadata GC Threshold) 101M->60M(256M) 5.802ms
[2025-05-15T15:07:36.715+0000][7][gc,cpu      ] GC(17) User=0.04s Sys=0.00s Real=0.00s
[2025-05-15T15:07:36.715+0000][7][gc          ] GC(18) Concurrent Cycle
[2025-05-15T15:07:36.715+0000][7][gc,marking  ] GC(18) Concurrent Clear Claimed Marks
[2025-05-15T15:07:36.715+0000][7][gc,marking  ] GC(18) Concurrent Clear Claimed Marks 0.045ms
[2025-05-15T15:07:36.715+0000][7][gc,marking  ] GC(18) Concurrent Scan Root Regions
[2025-05-15T15:07:36.715+0000][7][safepoint   ] Safepoint "CollectForMetadataAllocation", Time since last: 272078 ns, Reaching safepoint: 99652 ns, At safepoint: 6030697 ns, Total: 6130349 ns
[2025-05-15T15:07:36.721+0000][7][gc,marking  ] GC(18) Concurrent Scan Root Regions 5.221ms
[2025-05-15T15:07:36.721+0000][7][gc,marking  ] GC(18) Concurrent Mark (4.225s)
[2025-05-15T15:07:36.721+0000][7][gc,marking  ] GC(18) Concurrent Mark From Roots
[2025-05-15T15:07:36.721+0000][7][gc,task     ] GC(18) Using 3 workers of 3 for marking
[2025-05-15T15:07:36.726+0000][7][safepoint   ] Safepoint "CollectForMetadataAllocation", Time since last: 10552556 ns, Reaching safepoint: 122073 ns, At safepoint: 165724 ns, Total: 287797 ns
[2025-05-15T15:07:36.733+0000][7][gc,marking  ] GC(18) Concurrent Mark From Roots 11.959ms
[2025-05-15T15:07:36.733+0000][7][gc,marking  ] GC(18) Concurrent Preclean
[2025-05-15T15:07:36.733+0000][7][gc,marking  ] GC(18) Concurrent Preclean 0.145ms
[2025-05-15T15:07:36.733+0000][7][gc,marking  ] GC(18) Concurrent Mark (4.225s, 4.237s) 12.136ms
[2025-05-15T15:07:36.733+0000][7][gc,start    ] GC(18) Pause Remark
[2025-05-15T15:07:36.734+0000][7][gc          ] GC(18) Pause Remark 62M->62M(256M) 1.268ms
[2025-05-15T15:07:36.734+0000][7][gc,cpu      ] GC(18) User=0.00s Sys=0.00s Real=0.00s
[2025-05-15T15:07:36.734+0000][7][safepoint   ] Safepoint "G1Concurrent", Time since last: 6461129 ns, Reaching safepoint: 185995 ns, At safepoint: 1309564 ns, Total: 1495559 ns
[2025-05-15T15:07:36.734+0000][7][gc,marking  ] GC(18) Concurrent Rebuild Remembered Sets
[2025-05-15T15:07:36.747+0000][7][gc,marking  ] GC(18) Concurrent Rebuild Remembered Sets 12.622ms
[2025-05-15T15:07:36.747+0000][7][gc,start    ] GC(18) Pause Cleanup
[2025-05-15T15:07:36.747+0000][7][gc          ] GC(18) Pause Cleanup 64M->64M(256M) 0.063ms
[2025-05-15T15:07:36.747+0000][7][gc,cpu      ] GC(18) User=0.00s Sys=0.00s Real=0.00s
[2025-05-15T15:07:36.747+0000][7][safepoint   ] Safepoint "G1Concurrent", Time since last: 12712062 ns, Reaching safepoint: 269607 ns, At safepoint: 91792 ns, Total: 361399 ns
[2025-05-15T15:07:36.747+0000][7][gc,marking  ] GC(18) Concurrent Cleanup for Next Mark
[2025-05-15T15:07:36.748+0000][7][gc,marking  ] GC(18) Concurrent Cleanup for Next Mark 0.198ms
[2025-05-15T15:07:36.748+0000][7][gc          ] GC(18) Concurrent Cycle 32.277ms
[2025-05-15T15:07:36.828+0000][7][gc,start    ] GC(19) Pause Young (Concurrent Start) (G1 Evacuation Pause)
[2025-05-15T15:07:36.828+0000][7][gc,task     ] GC(19) Using 6 workers of 11 for evacuation
[2025-05-15T15:07:36.828+0000][7][gc,age      ] GC(19) Desired survivor size 8388608 bytes, new threshold 15 (max threshold 15)
[2025-05-15T15:07:36.830+0000][7][gc,age      ] GC(19) Age table with threshold 15 (max threshold 15)
[2025-05-15T15:07:36.830+0000][7][gc,age      ] GC(19) - age   1:     772848 bytes,     772848 total
[2025-05-15T15:07:36.830+0000][7][gc,age      ] GC(19) - age   2:    7621600 bytes,    8394448 total
[2025-05-15T15:07:36.830+0000][7][gc,phases   ] GC(19)   Pre Evacuate Collection Set: 0.1ms
[2025-05-15T15:07:36.830+0000][7][gc,phases   ] GC(19)   Merge Heap Roots: 0.1ms
[2025-05-15T15:07:36.830+0000][7][gc,phases   ] GC(19)   Evacuate Collection Set: 1.7ms
[2025-05-15T15:07:36.830+0000][7][gc,phases   ] GC(19)   Post Evacuate Collection Set: 0.3ms
[2025-05-15T15:07:36.830+0000][7][gc,phases   ] GC(19)   Other: 0.1ms
[2025-05-15T15:07:36.830+0000][7][gc,heap     ] GC(19) Eden regions: 28->0(29)
[2025-05-15T15:07:36.830+0000][7][gc,heap     ] GC(19) Survivor regions: 3->3(4)
[2025-05-15T15:07:36.830+0000][7][gc,heap     ] GC(19) Old regions: 12->12
[2025-05-15T15:07:36.830+0000][7][gc,heap     ] GC(19) Archive regions: 2->2
[2025-05-15T15:07:36.830+0000][7][gc,heap     ] GC(19) Humongous regions: 0->0
[2025-05-15T15:07:36.830+0000][7][gc,metaspace] GC(19) Metaspace: 35972K(38272K)->35972K(38272K) NonClass: 31393K(33024K)->31393K(33024K) Class: 4578K(5248K)->4578K(5248K)
[2025-05-15T15:07:36.830+0000][7][gc          ] GC(19) Pause Young (Concurrent Start) (G1 Evacuation Pause) 172M->60M(256M) 2.308ms
[2025-05-15T15:07:36.830+0000][7][gc,cpu      ] GC(19) User=0.02s Sys=0.00s Real=0.00s
[2025-05-15T15:07:36.830+0000][7][safepoint   ] Safepoint "G1CollectForAllocation", Time since last: 80561663 ns, Reaching safepoint: 100322 ns, At safepoint: 2357501 ns, Total: 2457823 ns
[2025-05-15T15:07:36.830+0000][7][gc          ] GC(20) Concurrent Cycle
[2025-05-15T15:07:36.830+0000][7][gc,marking  ] GC(20) Concurrent Clear Claimed Marks
[2025-05-15T15:07:36.830+0000][7][gc,marking  ] GC(20) Concurrent Clear Claimed Marks 0.030ms
[2025-05-15T15:07:36.830+0000][7][gc,marking  ] GC(20) Concurrent Scan Root Regions
[2025-05-15T15:07:36.833+0000][7][gc,marking  ] GC(20) Concurrent Scan Root Regions 2.503ms
[2025-05-15T15:07:36.833+0000][7][gc,marking  ] GC(20) Concurrent Mark (4.337s)
[2025-05-15T15:07:36.833+0000][7][gc,marking  ] GC(20) Concurrent Mark From Roots
[2025-05-15T15:07:36.833+0000][7][gc,task     ] GC(20) Using 3 workers of 3 for marking
[2025-05-15T15:07:36.851+0000][7][gc,marking  ] GC(20) Concurrent Mark From Roots 17.951ms
[2025-05-15T15:07:36.851+0000][7][gc,marking  ] GC(20) Concurrent Preclean
[2025-05-15T15:07:36.851+0000][7][gc,marking  ] GC(20) Concurrent Preclean 0.158ms
[2025-05-15T15:07:36.851+0000][7][gc,marking  ] GC(20) Concurrent Mark (4.337s, 4.355s) 18.152ms
[2025-05-15T15:07:36.851+0000][7][gc,start    ] GC(20) Pause Remark
[2025-05-15T15:07:36.852+0000][7][gc          ] GC(20) Pause Remark 64M->64M(256M) 1.182ms
[2025-05-15T15:07:36.852+0000][7][gc,cpu      ] GC(20) User=0.01s Sys=0.00s Real=0.00s
[2025-05-15T15:07:36.852+0000][7][safepoint   ] Safepoint "G1Concurrent", Time since last: 20771523 ns, Reaching safepoint: 84362 ns, At safepoint: 1245902 ns, Total: 1330264 ns
[2025-05-15T15:07:36.853+0000][7][gc,marking  ] GC(20) Concurrent Rebuild Remembered Sets
[2025-05-15T15:07:36.865+0000][7][gc,marking  ] GC(20) Concurrent Rebuild Remembered Sets 12.236ms
[2025-05-15T15:07:36.865+0000][7][gc,start    ] GC(20) Pause Cleanup
[2025-05-15T15:07:36.865+0000][7][gc          ] GC(20) Pause Cleanup 70M->70M(256M) 0.061ms
[2025-05-15T15:07:36.865+0000][7][gc,cpu      ] GC(20) User=0.00s Sys=0.00s Real=0.00s
[2025-05-15T15:07:36.865+0000][7][safepoint   ] Safepoint "G1Concurrent", Time since last: 12339393 ns, Reaching safepoint: 166373 ns, At safepoint: 91922 ns, Total: 258295 ns
[2025-05-15T15:07:36.865+0000][7][gc,marking  ] GC(20) Concurrent Cleanup for Next Mark
[2025-05-15T15:07:36.865+0000][7][gc,marking  ] GC(20) Concurrent Cleanup for Next Mark 0.163ms
[2025-05-15T15:07:36.865+0000][7][gc          ] GC(20) Concurrent Cycle 34.909ms
[2025-05-15T15:07:37.400+0000][7][safepoint   ] Safepoint "ICBufferFull", Time since last: 535102543 ns, Reaching safepoint: 183295 ns, At safepoint: 9820 ns, Total: 193115 ns
[2025-05-15T15:07:37.411+0000][7][gc,start    ] GC(21) Pause Young (Normal) (G1 Evacuation Pause)
[2025-05-15T15:07:37.411+0000][7][gc,task     ] GC(21) Using 6 workers of 11 for evacuation
[2025-05-15T15:07:37.411+0000][7][gc,age      ] GC(21) Desired survivor size 8388608 bytes, new threshold 2 (max threshold 15)
[2025-05-15T15:07:37.415+0000][7][gc,age      ] GC(21) Age table with threshold 2 (max threshold 15)
[2025-05-15T15:07:37.415+0000][7][gc,age      ] GC(21) - age   1:    5777600 bytes,    5777600 total
[2025-05-15T15:07:37.415+0000][7][gc,age      ] GC(21) - age   2:     715304 bytes,    6492904 total
[2025-05-15T15:07:37.415+0000][7][gc,phases   ] GC(21)   Pre Evacuate Collection Set: 0.1ms
[2025-05-15T15:07:37.415+0000][7][gc,phases   ] GC(21)   Merge Heap Roots: 0.1ms
[2025-05-15T15:07:37.415+0000][7][gc,phases   ] GC(21)   Evacuate Collection Set: 3.5ms
[2025-05-15T15:07:37.415+0000][7][gc,phases   ] GC(21)   Post Evacuate Collection Set: 0.6ms
[2025-05-15T15:07:37.415+0000][7][gc,phases   ] GC(21)   Other: 0.1ms
[2025-05-15T15:07:37.415+0000][7][gc,heap     ] GC(21) Eden regions: 29->0(29)
[2025-05-15T15:07:37.415+0000][7][gc,heap     ] GC(21) Survivor regions: 3->2(4)
[2025-05-15T15:07:37.415+0000][7][gc,heap     ] GC(21) Old regions: 12->14
[2025-05-15T15:07:37.415+0000][7][gc,heap     ] GC(21) Archive regions: 2->2
[2025-05-15T15:07:37.415+0000][7][gc,heap     ] GC(21) Humongous regions: 0->0
[2025-05-15T15:07:37.415+0000][7][gc,metaspace] GC(21) Metaspace: 51850K(54912K)->51850K(54912K) NonClass: 44923K(47104K)->44923K(47104K) Class: 6927K(7808K)->6927K(7808K)
[2025-05-15T15:07:37.415+0000][7][gc          ] GC(21) Pause Young (Normal) (G1 Evacuation Pause) 176M->66M(256M) 4.278ms
[2025-05-15T15:07:37.415+0000][7][gc,cpu      ] GC(21) User=0.03s Sys=0.00s Real=0.00s
[2025-05-15T15:07:37.415+0000][7][safepoint   ] Safepoint "G1CollectForAllocation", Time since last: 10174906 ns, Reaching safepoint: 131473 ns, At safepoint: 4328743 ns, Total: 4460216 ns
[2025-05-15T15:07:37.696+0000][7][safepoint   ] Safepoint "ICBufferFull", Time since last: 280544021 ns, Reaching safepoint: 251746 ns, At safepoint: 7900 ns, Total: 259646 ns
[2025-05-15T15:07:37.866+0000][7][gc,start    ] GC(22) Pause Young (Concurrent Start) (Metadata GC Threshold)
[2025-05-15T15:07:37.866+0000][7][gc,task     ] GC(22) Using 6 workers of 11 for evacuation
[2025-05-15T15:07:37.866+0000][7][gc,age      ] GC(22) Desired survivor size 8388608 bytes, new threshold 15 (max threshold 15)
[2025-05-15T15:07:37.870+0000][7][gc,age      ] GC(22) Age table with threshold 15 (max threshold 15)
[2025-05-15T15:07:37.870+0000][7][gc,age      ] GC(22) - age   1:    4315816 bytes,    4315816 total
[2025-05-15T15:07:37.870+0000][7][gc,age      ] GC(22) - age   2:    5615576 bytes,    9931392 total
[2025-05-15T15:07:37.870+0000][7][gc,age      ] GC(22) - age   3:     714976 bytes,   10646368 total
[2025-05-15T15:07:37.870+0000][7][gc,phases   ] GC(22)   Pre Evacuate Collection Set: 0.1ms
[2025-05-15T15:07:37.870+0000][7][gc,phases   ] GC(22)   Merge Heap Roots: 0.1ms
[2025-05-15T15:07:37.870+0000][7][gc,phases   ] GC(22)   Evacuate Collection Set: 3.1ms
[2025-05-15T15:07:37.870+0000][7][gc,phases   ] GC(22)   Post Evacuate Collection Set: 0.7ms
[2025-05-15T15:07:37.870+0000][7][gc,phases   ] GC(22)   Other: 0.1ms
[2025-05-15T15:07:37.870+0000][7][gc,heap     ] GC(22) Eden regions: 29->0(29)
[2025-05-15T15:07:37.870+0000][7][gc,heap     ] GC(22) Survivor regions: 2->3(4)
[2025-05-15T15:07:37.870+0000][7][gc,heap     ] GC(22) Old regions: 14->14
[2025-05-15T15:07:37.870+0000][7][gc,heap     ] GC(22) Archive regions: 2->2
[2025-05-15T15:07:37.870+0000][7][gc,heap     ] GC(22) Humongous regions: 0->0
[2025-05-15T15:07:37.870+0000][7][gc,metaspace] GC(22) Metaspace: 61075K(64128K)->61075K(64128K) NonClass: 52893K(55040K)->52893K(55040K) Class: 8182K(9088K)->8182K(9088K)
[2025-05-15T15:07:37.870+0000][7][gc          ] GC(22) Pause Young (Concurrent Start) (Metadata GC Threshold) 182M->70M(256M) 4.116ms
[2025-05-15T15:07:37.870+0000][7][gc,cpu      ] GC(22) User=0.02s Sys=0.00s Real=0.01s
[2025-05-15T15:07:37.870+0000][7][gc          ] GC(23) Concurrent Cycle
[2025-05-15T15:07:37.870+0000][7][gc,marking  ] GC(23) Concurrent Clear Claimed Marks
[2025-05-15T15:07:37.870+0000][7][gc,marking  ] GC(23) Concurrent Clear Claimed Marks 0.020ms
[2025-05-15T15:07:37.870+0000][7][gc,marking  ] GC(23) Concurrent Scan Root Regions
[2025-05-15T15:07:37.870+0000][7][safepoint   ] Safepoint "CollectForMetadataAllocation", Time since last: 169984726 ns, Reaching safepoint: 168844 ns, At safepoint: 4283272 ns, Total: 4452116 ns
[2025-05-15T15:07:37.873+0000][7][gc,marking  ] GC(23) Concurrent Scan Root Regions 2.354ms
[2025-05-15T15:07:37.873+0000][7][gc,marking  ] GC(23) Concurrent Mark (5.377s)
[2025-05-15T15:07:37.873+0000][7][gc,marking  ] GC(23) Concurrent Mark From Roots
[2025-05-15T15:07:37.873+0000][7][gc,task     ] GC(23) Using 3 workers of 3 for marking
[2025-05-15T15:07:37.882+0000][7][safepoint   ] Safepoint "CollectForMetadataAllocation", Time since last: 11453819 ns, Reaching safepoint: 172484 ns, At safepoint: 137684 ns, Total: 310168 ns
[2025-05-15T15:07:37.889+0000][7][gc,marking  ] GC(23) Concurrent Mark From Roots 16.589ms
[2025-05-15T15:07:37.889+0000][7][gc,marking  ] GC(23) Concurrent Preclean
[2025-05-15T15:07:37.889+0000][7][gc,marking  ] GC(23) Concurrent Preclean 0.205ms
[2025-05-15T15:07:37.889+0000][7][gc,marking  ] GC(23) Concurrent Mark (5.377s, 5.393s) 16.827ms
[2025-05-15T15:07:37.890+0000][7][gc,start    ] GC(23) Pause Remark
[2025-05-15T15:07:37.891+0000][7][gc          ] GC(23) Pause Remark 76M->76M(256M) 1.225ms
[2025-05-15T15:07:37.891+0000][7][gc,cpu      ] GC(23) User=0.00s Sys=0.00s Real=0.00s
[2025-05-15T15:07:37.891+0000][7][safepoint   ] Safepoint "G1Concurrent", Time since last: 7445794 ns, Reaching safepoint: 169104 ns, At safepoint: 1263374 ns, Total: 1432478 ns
[2025-05-15T15:07:37.891+0000][7][gc,marking  ] GC(23) Concurrent Rebuild Remembered Sets
[2025-05-15T15:07:37.904+0000][7][gc,marking  ] GC(23) Concurrent Rebuild Remembered Sets 13.356ms
[2025-05-15T15:07:37.905+0000][7][gc,start    ] GC(23) Pause Cleanup
[2025-05-15T15:07:37.905+0000][7][gc          ] GC(23) Pause Cleanup 78M->78M(256M) 0.089ms
[2025-05-15T15:07:37.905+0000][7][gc,cpu      ] GC(23) User=0.00s Sys=0.00s Real=0.00s
[2025-05-15T15:07:37.905+0000][7][safepoint   ] Safepoint "G1Concurrent", Time since last: 13444240 ns, Reaching safepoint: 553384 ns, At safepoint: 119824 ns, Total: 673208 ns
[2025-05-15T15:07:37.905+0000][7][gc,marking  ] GC(23) Concurrent Cleanup for Next Mark
[2025-05-15T15:07:37.905+0000][7][gc,marking  ] GC(23) Concurrent Cleanup for Next Mark 0.159ms
[2025-05-15T15:07:37.905+0000][7][gc          ] GC(23) Concurrent Cycle 35.062ms
[2025-05-15T15:07:38.441+0000][7][safepoint   ] Safepoint "ICBufferFull", Time since last: 534988410 ns, Reaching safepoint: 531144 ns, At safepoint: 6270 ns, Total: 537414 ns
[2025-05-15T15:07:38.636+0000][7][gc,start    ] GC(24) Pause Young (Concurrent Start) (G1 Evacuation Pause)
[2025-05-15T15:07:38.636+0000][7][gc,task     ] GC(24) Using 6 workers of 11 for evacuation
[2025-05-15T15:07:38.636+0000][7][gc,age      ] GC(24) Desired survivor size 8388608 bytes, new threshold 2 (max threshold 15)
[2025-05-15T15:07:38.641+0000][7][gc,age      ] GC(24) Age table with threshold 2 (max threshold 15)
[2025-05-15T15:07:38.642+0000][7][gc,age      ] GC(24) - age   1:    6486776 bytes,    6486776 total
[2025-05-15T15:07:38.642+0000][7][gc,age      ] GC(24) - age   2:    4192616 bytes,   10679392 total
[2025-05-15T15:07:38.642+0000][7][gc,phases   ] GC(24)   Pre Evacuate Collection Set: 0.1ms
[2025-05-15T15:07:38.642+0000][7][gc,phases   ] GC(24)   Merge Heap Roots: 0.1ms
[2025-05-15T15:07:38.642+0000][7][gc,phases   ] GC(24)   Evacuate Collection Set: 5.2ms
[2025-05-15T15:07:38.642+0000][7][gc,phases   ] GC(24)   Post Evacuate Collection Set: 0.5ms
[2025-05-15T15:07:38.642+0000][7][gc,phases   ] GC(24)   Other: 0.1ms
[2025-05-15T15:07:38.642+0000][7][gc,heap     ] GC(24) Eden regions: 29->0(27)
[2025-05-15T15:07:38.642+0000][7][gc,heap     ] GC(24) Survivor regions: 3->3(4)
[2025-05-15T15:07:38.642+0000][7][gc,heap     ] GC(24) Old regions: 14->16
[2025-05-15T15:07:38.642+0000][7][gc,heap     ] GC(24) Archive regions: 2->2
[2025-05-15T15:07:38.642+0000][7][gc,heap     ] GC(24) Humongous regions: 0->0
[2025-05-15T15:07:38.642+0000][7][gc,metaspace] GC(24) Metaspace: 79978K(83456K)->79978K(83456K) NonClass: 69249K(71680K)->69249K(71680K) Class: 10728K(11776K)->10728K(11776K)
[2025-05-15T15:07:38.642+0000][7][gc          ] GC(24) Pause Young (Concurrent Start) (G1 Evacuation Pause) 186M->76M(256M) 6.002ms
[2025-05-15T15:07:38.642+0000][7][gc,cpu      ] GC(24) User=0.03s Sys=0.00s Real=0.01s
[2025-05-15T15:07:38.642+0000][7][gc          ] GC(25) Concurrent Cycle
[2025-05-15T15:07:38.642+0000][7][gc,marking  ] GC(25) Concurrent Clear Claimed Marks
[2025-05-15T15:07:38.642+0000][7][safepoint   ] Safepoint "G1CollectForAllocation", Time since last: 194885516 ns, Reaching safepoint: 175524 ns, At safepoint: 6064838 ns, Total: 6240362 ns
[2025-05-15T15:07:38.642+0000][7][gc,marking  ] GC(25) Concurrent Clear Claimed Marks 0.037ms
[2025-05-15T15:07:38.642+0000][7][gc,marking  ] GC(25) Concurrent Scan Root Regions
[2025-05-15T15:07:38.645+0000][7][gc,marking  ] GC(25) Concurrent Scan Root Regions 3.473ms
[2025-05-15T15:07:38.645+0000][7][gc,marking  ] GC(25) Concurrent Mark (6.149s)
[2025-05-15T15:07:38.645+0000][7][gc,marking  ] GC(25) Concurrent Mark From Roots
[2025-05-15T15:07:38.645+0000][7][gc,task     ] GC(25) Using 3 workers of 3 for marking
[2025-05-15T15:07:38.662+0000][7][gc,marking  ] GC(25) Concurrent Mark From Roots 16.358ms
[2025-05-15T15:07:38.662+0000][7][gc,marking  ] GC(25) Concurrent Preclean
[2025-05-15T15:07:38.662+0000][7][gc,marking  ] GC(25) Concurrent Preclean 0.188ms
[2025-05-15T15:07:38.662+0000][7][gc,marking  ] GC(25) Concurrent Mark (6.149s, 6.166s) 16.580ms
[2025-05-15T15:07:38.662+0000][7][gc,start    ] GC(25) Pause Remark
[2025-05-15T15:07:38.663+0000][7][gc          ] GC(25) Pause Remark 80M->80M(256M) 1.237ms
[2025-05-15T15:07:38.663+0000][7][gc,cpu      ] GC(25) User=0.00s Sys=0.00s Real=0.00s
[2025-05-15T15:07:38.663+0000][7][safepoint   ] Safepoint "G1Concurrent", Time since last: 20155516 ns, Reaching safepoint: 294388 ns, At safepoint: 1263402 ns, Total: 1557790 ns
[2025-05-15T15:07:38.663+0000][7][gc,marking  ] GC(25) Concurrent Rebuild Remembered Sets
[2025-05-15T15:07:38.683+0000][7][gc,marking  ] GC(25) Concurrent Rebuild Remembered Sets 19.578ms
[2025-05-15T15:07:38.683+0000][7][gc,start    ] GC(25) Pause Cleanup
[2025-05-15T15:07:38.684+0000][7][gc          ] GC(25) Pause Cleanup 84M->84M(256M) 0.077ms
[2025-05-15T15:07:38.684+0000][7][gc,cpu      ] GC(25) User=0.00s Sys=0.00s Real=0.00s
[2025-05-15T15:07:38.684+0000][7][safepoint   ] Safepoint "G1Concurrent", Time since last: 19655464 ns, Reaching safepoint: 462452 ns, At safepoint: 107703 ns, Total: 570155 ns
[2025-05-15T15:07:38.684+0000][7][gc,marking  ] GC(25) Concurrent Cleanup for Next Mark
[2025-05-15T15:07:38.684+0000][7][gc,marking  ] GC(25) Concurrent Cleanup for Next Mark 0.149ms
[2025-05-15T15:07:38.684+0000][7][gc          ] GC(25) Concurrent Cycle 42.126ms
[2025-05-15T15:07:38.975+0000][7][safepoint   ] Safepoint "ICBufferFull", Time since last: 291441825 ns, Reaching safepoint: 149334 ns, At safepoint: 9180 ns, Total: 158514 ns
[2025-05-15T15:07:39.209+0000][7][gc,start    ] GC(26) Pause Young (Concurrent Start) (G1 Humongous Allocation)
[2025-05-15T15:07:39.209+0000][7][gc,task     ] GC(26) Using 6 workers of 11 for evacuation
[2025-05-15T15:07:39.209+0000][7][gc,age      ] GC(26) Desired survivor size 8388608 bytes, new threshold 2 (max threshold 15)
[2025-05-15T15:07:39.214+0000][7][gc,age      ] GC(26) Age table with threshold 2 (max threshold 15)
[2025-05-15T15:07:39.214+0000][7][gc,age      ] GC(26) - age   1:    2995368 bytes,    2995368 total
[2025-05-15T15:07:39.214+0000][7][gc,age      ] GC(26) - age   2:    6165072 bytes,    9160440 total
[2025-05-15T15:07:39.214+0000][7][gc,phases   ] GC(26)   Pre Evacuate Collection Set: 0.1ms
[2025-05-15T15:07:39.214+0000][7][gc,phases   ] GC(26)   Merge Heap Roots: 0.1ms
[2025-05-15T15:07:39.214+0000][7][gc,phases   ] GC(26)   Evacuate Collection Set: 4.2ms
[2025-05-15T15:07:39.214+0000][7][gc,phases   ] GC(26)   Post Evacuate Collection Set: 0.6ms
[2025-05-15T15:07:39.214+0000][7][gc,phases   ] GC(26)   Other: 0.1ms
[2025-05-15T15:07:39.214+0000][7][gc,heap     ] GC(26) Eden regions: 14->0(26)
[2025-05-15T15:07:39.214+0000][7][gc,heap     ] GC(26) Survivor regions: 3->3(4)
[2025-05-15T15:07:39.214+0000][7][gc,heap     ] GC(26) Old regions: 16->17
[2025-05-15T15:07:39.214+0000][7][gc,heap     ] GC(26) Archive regions: 2->2
[2025-05-15T15:07:39.214+0000][7][gc,heap     ] GC(26) Humongous regions: 1->1
[2025-05-15T15:07:39.214+0000][7][gc,metaspace] GC(26) Metaspace: 86818K(90368K)->86818K(90368K) NonClass: 75076K(77568K)->75076K(77568K) Class: 11742K(12800K)->11742K(12800K)
[2025-05-15T15:07:39.214+0000][7][gc          ] GC(26) Pause Young (Concurrent Start) (G1 Humongous Allocation) 133M->84M(256M) 5.258ms
[2025-05-15T15:07:39.214+0000][7][gc,cpu      ] GC(26) User=0.03s Sys=0.00s Real=0.00s
[2025-05-15T15:07:39.214+0000][7][safepoint   ] Safepoint "G1TryInitiateConcMark", Time since last: 233441801 ns, Reaching safepoint: 153834 ns, At safepoint: 5313849 ns, Total: 5467683 ns
[2025-05-15T15:07:39.214+0000][7][gc          ] GC(27) Concurrent Cycle
[2025-05-15T15:07:39.214+0000][7][gc,marking  ] GC(27) Concurrent Clear Claimed Marks
[2025-05-15T15:07:39.214+0000][7][gc,marking  ] GC(27) Concurrent Clear Claimed Marks 0.068ms
[2025-05-15T15:07:39.214+0000][7][gc,marking  ] GC(27) Concurrent Scan Root Regions
[2025-05-15T15:07:39.217+0000][7][gc,marking  ] GC(27) Concurrent Scan Root Regions 3.228ms
[2025-05-15T15:07:39.217+0000][7][gc,marking  ] GC(27) Concurrent Mark (6.721s)
[2025-05-15T15:07:39.217+0000][7][gc,marking  ] GC(27) Concurrent Mark From Roots
[2025-05-15T15:07:39.217+0000][7][gc,task     ] GC(27) Using 3 workers of 3 for marking
[2025-05-15T15:07:39.238+0000][7][gc,marking  ] GC(27) Concurrent Mark From Roots 20.200ms
[2025-05-15T15:07:39.238+0000][7][gc,marking  ] GC(27) Concurrent Preclean
[2025-05-15T15:07:39.238+0000][7][gc,marking  ] GC(27) Concurrent Preclean 0.149ms
[2025-05-15T15:07:39.238+0000][7][gc,marking  ] GC(27) Concurrent Mark (6.721s, 6.742s) 20.382ms
[2025-05-15T15:07:39.238+0000][7][gc,start    ] GC(27) Pause Remark
[2025-05-15T15:07:39.240+0000][7][gc          ] GC(27) Pause Remark 90M->90M(256M) 1.496ms
[2025-05-15T15:07:39.240+0000][7][gc,cpu      ] GC(27) User=0.00s Sys=0.00s Real=0.00s
[2025-05-15T15:07:39.240+0000][7][safepoint   ] Safepoint "G1Concurrent", Time since last: 23755729 ns, Reaching safepoint: 152595 ns, At safepoint: 1532980 ns, Total: 1685575 ns
[2025-05-15T15:07:39.240+0000][7][gc,marking  ] GC(27) Concurrent Rebuild Remembered Sets
[2025-05-15T15:07:39.259+0000][7][gc,marking  ] GC(27) Concurrent Rebuild Remembered Sets 19.305ms
[2025-05-15T15:07:39.259+0000][7][gc,start    ] GC(27) Pause Cleanup
[2025-05-15T15:07:39.259+0000][7][gc          ] GC(27) Pause Cleanup 93M->93M(256M) 0.064ms
[2025-05-15T15:07:39.259+0000][7][gc,cpu      ] GC(27) User=0.00s Sys=0.00s Real=0.00s
[2025-05-15T15:07:39.259+0000][7][safepoint   ] Safepoint "G1Concurrent", Time since last: 19366525 ns, Reaching safepoint: 213605 ns, At safepoint: 90733 ns, Total: 304338 ns
[2025-05-15T15:07:39.259+0000][7][gc,marking  ] GC(27) Concurrent Cleanup for Next Mark
[2025-05-15T15:07:39.259+0000][7][gc,marking  ] GC(27) Concurrent Cleanup for Next Mark 0.152ms
[2025-05-15T15:07:39.259+0000][7][gc          ] GC(27) Concurrent Cycle 45.294ms
[2025-05-15T15:07:39.426+0000][7][safepoint   ] Safepoint "ICBufferFull", Time since last: 166782292 ns, Reaching safepoint: 166835 ns, At safepoint: 10769 ns, Total: 177604 ns
[2025-05-15T15:07:40.427+0000][7][safepoint   ] Safepoint "Cleanup", Time since last: 1000238093 ns, Reaching safepoint: 216685 ns, At safepoint: 4650 ns, Total: 221335 ns
[2025-05-15T15:07:41.427+0000][7][safepoint   ] Safepoint "Cleanup", Time since last: 1000200310 ns, Reaching safepoint: 128744 ns, At safepoint: 2330 ns, Total: 131074 ns
[2025-05-15T15:07:43.427+0000][7][safepoint   ] Safepoint "Cleanup", Time since last: 2000231296 ns, Reaching safepoint: 116794 ns, At safepoint: 5189 ns, Total: 121983 ns
[2025-05-15T15:07:44.428+0000][7][safepoint   ] Safepoint "Cleanup", Time since last: 1000109860 ns, Reaching safepoint: 193556 ns, At safepoint: 12340 ns, Total: 205896 ns
[2025-05-15T15:07:45.428+0000][7][safepoint   ] Safepoint "Cleanup", Time since last: 1000334776 ns, Reaching safepoint: 184685 ns, At safepoint: 2780 ns, Total: 187465 ns
[2025-05-15T15:07:46.429+0000][7][safepoint   ] Safepoint "Cleanup", Time since last: 1000206832 ns, Reaching safepoint: 133964 ns, At safepoint: 6380 ns, Total: 140344 ns
[2025-05-15T15:07:48.429+0000][7][safepoint   ] Safepoint "Cleanup", Time since last: 2000227203 ns, Reaching safepoint: 167144 ns, At safepoint: 6880 ns, Total: 174024 ns
[2025-05-15T15:07:49.429+0000][7][safepoint   ] Safepoint "Cleanup", Time since last: 1000122703 ns, Reaching safepoint: 125063 ns, At safepoint: 7020 ns, Total: 132083 ns
[2025-05-15T15:07:59.430+0000][7][safepoint   ] Safepoint "Cleanup", Time since last: 10001123106 ns, Reaching safepoint: 174814 ns, At safepoint: 10310 ns, Total: 185124 ns
[2025-05-15T15:08:03.431+0000][7][safepoint   ] Safepoint "Cleanup", Time since last: 4000346879 ns, Reaching safepoint: 160944 ns, At safepoint: 8992 ns, Total: 169936 ns
[2025-05-15T15:08:04.431+0000][7][safepoint   ] Safepoint "Cleanup", Time since last: 1000119319 ns, Reaching safepoint: 127224 ns, At safepoint: 9590 ns, Total: 136814 ns
[2025-05-15T15:08:06.432+0000][7][safepoint   ] Safepoint "Cleanup", Time since last: 2000229330 ns, Reaching safepoint: 120593 ns, At safepoint: 9251 ns, Total: 129844 ns
[2025-05-15T15:08:07.432+0000][7][safepoint   ] Safepoint "Cleanup", Time since last: 1000114001 ns, Reaching safepoint: 143113 ns, At safepoint: 7360 ns, Total: 150473 ns
[2025-05-15T15:08:09.432+0000][7][safepoint   ] Safepoint "Cleanup", Time since last: 2000205604 ns, Reaching safepoint: 78582 ns, At safepoint: 1690 ns, Total: 80272 ns
[2025-05-15T15:08:10.432+0000][7][safepoint   ] Safepoint "Cleanup", Time since last: 1000169154 ns, Reaching safepoint: 171024 ns, At safepoint: 6201 ns, Total: 177225 ns
[2025-05-15T15:08:17.433+0000][7][safepoint   ] Safepoint "Cleanup", Time since last: 7000742640 ns, Reaching safepoint: 101043 ns, At safepoint: 5389 ns, Total: 106432 ns
[2025-05-15T15:08:21.434+0000][7][safepoint   ] Safepoint "Cleanup", Time since last: 4000416907 ns, Reaching safepoint: 123153 ns, At safepoint: 6260 ns, Total: 129413 ns
[2025-05-15T15:08:23.434+0000][7][safepoint   ] Safepoint "Cleanup", Time since last: 2000212827 ns, Reaching safepoint: 139835 ns, At safepoint: 5749 ns, Total: 145584 ns
[2025-05-15T15:08:25.435+0000][7][safepoint   ] Safepoint "Cleanup", Time since last: 2000181178 ns, Reaching safepoint: 120693 ns, At safepoint: 6010 ns, Total: 126703 ns
[2025-05-15T15:08:26.435+0000][7][safepoint   ] Safepoint "Cleanup", Time since last: 1000104530 ns, Reaching safepoint: 105183 ns, At safepoint: 5940 ns, Total: 111123 ns
[2025-05-15T15:08:27.435+0000][7][safepoint   ] Safepoint "Cleanup", Time since last: 1000101281 ns, Reaching safepoint: 110723 ns, At safepoint: 3209 ns, Total: 113932 ns
[2025-05-15T15:08:30.435+0000][7][safepoint   ] Safepoint "Cleanup", Time since last: 3000289955 ns, Reaching safepoint: 131413 ns, At safepoint: 5951 ns, Total: 137364 ns
[2025-05-15T15:08:31.436+0000][7][safepoint   ] Safepoint "Cleanup", Time since last: 1000143723 ns, Reaching safepoint: 114663 ns, At safepoint: 5350 ns, Total: 120013 ns
[2025-05-15T15:08:32.436+0000][7][safepoint   ] Safepoint "Cleanup", Time since last: 1000139843 ns, Reaching safepoint: 131584 ns, At safepoint: 5220 ns, Total: 136804 ns
[2025-05-15T15:08:35.436+0000][7][safepoint   ] Safepoint "Cleanup", Time since last: 3000292080 ns, Reaching safepoint: 106833 ns, At safepoint: 16540 ns, Total: 123373 ns
[2025-05-15T15:08:36.437+0000][7][safepoint   ] Safepoint "Cleanup", Time since last: 1000120745 ns, Reaching safepoint: 101053 ns, At safepoint: 5090 ns, Total: 106143 ns
[2025-05-15T15:08:37.437+0000][7][safepoint   ] Safepoint "Cleanup", Time since last: 1000127565 ns, Reaching safepoint: 131915 ns, At safepoint: 3629 ns, Total: 135544 ns
[2025-05-15T15:08:38.437+0000][7][safepoint   ] Safepoint "Cleanup", Time since last: 1000205669 ns, Reaching safepoint: 121684 ns, At safepoint: 6010 ns, Total: 127694 ns
[2025-05-15T15:08:39.437+0000][7][safepoint   ] Safepoint "Cleanup", Time since last: 1000113295 ns, Reaching safepoint: 123083 ns, At safepoint: 27961 ns, Total: 151044 ns
[2025-05-15T15:08:43.438+0000][7][safepoint   ] Safepoint "Cleanup", Time since last: 4000393597 ns, Reaching safepoint: 171884 ns, At safepoint: 2731 ns, Total: 174615 ns
[2025-05-15T15:08:44.438+0000][7][safepoint   ] Safepoint "Cleanup", Time since last: 1000124348 ns, Reaching safepoint: 139023 ns, At safepoint: 5651 ns, Total: 144674 ns
[2025-05-15T15:08:51.439+0000][7][safepoint   ] Safepoint "Cleanup", Time since last: 7000715149 ns, Reaching safepoint: 143014 ns, At safepoint: 5651 ns, Total: 148665 ns
[2025-05-15T15:08:53.440+0000][7][safepoint   ] Safepoint "Cleanup", Time since last: 2000230825 ns, Reaching safepoint: 160874 ns, At safepoint: 5900 ns, Total: 166774 ns
[2025-05-15T15:08:57.440+0000][7][safepoint   ] Safepoint "Cleanup", Time since last: 4000427415 ns, Reaching safepoint: 172355 ns, At safepoint: 6820 ns, Total: 179175 ns
[2025-05-15T15:09:23.444+0000][7][safepoint   ] Safepoint "Cleanup", Time since last: 26003491913 ns, Reaching safepoint: 157955 ns, At safepoint: 6390 ns, Total: 164345 ns
[2025-05-15T15:09:28.444+0000][7][safepoint   ] Safepoint "Cleanup", Time since last: 5000474333 ns, Reaching safepoint: 94922 ns, At safepoint: 6351 ns, Total: 101273 ns
[2025-05-15T15:09:37.445+0000][7][safepoint   ] Safepoint "Cleanup", Time since last: 9000827534 ns, Reaching safepoint: 122483 ns, At safepoint: 2380 ns, Total: 124863 ns
[2025-05-15T15:09:38.446+0000][7][safepoint   ] Safepoint "Cleanup", Time since last: 1000111203 ns, Reaching safepoint: 101323 ns, At safepoint: 5720 ns, Total: 107043 ns
[2025-05-15T15:09:39.446+0000][7][safepoint   ] Safepoint "Cleanup", Time since last: 1000132762 ns, Reaching safepoint: 116133 ns, At safepoint: 2720 ns, Total: 118853 ns
[2025-05-15T15:09:43.447+0000][7][safepoint   ] Safepoint "Cleanup", Time since last: 4000859814 ns, Reaching safepoint: 101214 ns, At safepoint: 5960 ns, Total: 107174 ns
[2025-05-15T15:09:44.447+0000][7][safepoint   ] Safepoint "Cleanup", Time since last: 1000273678 ns, Reaching safepoint: 136434 ns, At safepoint: 2710 ns, Total: 139144 ns
[2025-05-15T15:09:45.447+0000][7][safepoint   ] Safepoint "Cleanup", Time since last: 1000093434 ns, Reaching safepoint: 124623 ns, At safepoint: 5551 ns, Total: 130174 ns
[2025-05-15T15:09:46.448+0000][7][safepoint   ] Safepoint "Cleanup", Time since last: 1000125226 ns, Reaching safepoint: 113013 ns, At safepoint: 5440 ns, Total: 118453 ns
[2025-05-15T15:10:06.450+0000][7][safepoint   ] Safepoint "Cleanup", Time since last: 20002267736 ns, Reaching safepoint: 129803 ns, At safepoint: 7110 ns, Total: 136913 ns
[2025-05-15T15:10:09.450+0000][7][safepoint   ] Safepoint "Cleanup", Time since last: 3000275071 ns, Reaching safepoint: 104803 ns, At safepoint: 2610 ns, Total: 107413 ns
[2025-05-15T15:10:16.451+0000][7][safepoint   ] Safepoint "Cleanup", Time since last: 7000731049 ns, Reaching safepoint: 149454 ns, At safepoint: 2520 ns, Total: 151974 ns
[2025-05-15T15:10:28.453+0000][7][safepoint   ] Safepoint "Cleanup", Time since last: 12001160711 ns, Reaching safepoint: 119363 ns, At safepoint: 5810 ns, Total: 125173 ns
[2025-05-15T15:10:37.454+0000][7][safepoint   ] Safepoint "Cleanup", Time since last: 9000870363 ns, Reaching safepoint: 117473 ns, At safepoint: 6340 ns, Total: 123813 ns
[2025-05-15T15:10:38.454+0000][7][safepoint   ] Safepoint "Cleanup", Time since last: 1000209588 ns, Reaching safepoint: 142124 ns, At safepoint: 6430 ns, Total: 148554 ns
[2025-05-15T15:10:39.454+0000][7][safepoint   ] Safepoint "Cleanup", Time since last: 1000116327 ns, Reaching safepoint: 133912 ns, At safepoint: 6160 ns, Total: 140072 ns
[2025-05-15T15:10:50.456+0000][7][safepoint   ] Safepoint "Cleanup", Time since last: 11001435663 ns, Reaching safepoint: 132094 ns, At safepoint: 7790 ns, Total: 139884 ns
[2025-05-15T15:10:54.456+0000][7][safepoint   ] Safepoint "Cleanup", Time since last: 4000386359 ns, Reaching safepoint: 186585 ns, At safepoint: 7260 ns, Total: 193845 ns
[2025-05-15T15:11:09.458+0000][7][safepoint   ] Safepoint "Cleanup", Time since last: 15001424240 ns, Reaching safepoint: 114522 ns, At safepoint: 2021 ns, Total: 116543 ns
[2025-05-15T15:11:17.459+0000][7][safepoint   ] Safepoint "Cleanup", Time since last: 8000788271 ns, Reaching safepoint: 164194 ns, At safepoint: 2301 ns, Total: 166495 ns
[2025-05-15T15:11:34.461+0000][7][safepoint   ] Safepoint "Cleanup", Time since last: 17001717119 ns, Reaching safepoint: 144734 ns, At safepoint: 8390 ns, Total: 153124 ns
[2025-05-15T15:11:37.461+0000][7][safepoint   ] Safepoint "Cleanup", Time since last: 3000291546 ns, Reaching safepoint: 109342 ns, At safepoint: 6390 ns, Total: 115732 ns
[2025-05-15T15:11:39.462+0000][7][safepoint   ] Safepoint "Cleanup", Time since last: 2000307967 ns, Reaching safepoint: 99972 ns, At safepoint: 6040 ns, Total: 106012 ns
[2025-05-15T15:11:42.462+0000][7][safepoint   ] Safepoint "Cleanup", Time since last: 3000306630 ns, Reaching safepoint: 124814 ns, At safepoint: 6220 ns, Total: 131034 ns
[2025-05-15T15:11:51.464+0000][7][safepoint   ] Safepoint "Cleanup", Time since last: 9001363159 ns, Reaching safepoint: 126325 ns, At safepoint: 7600 ns, Total: 133925 ns
[2025-05-15T15:12:09.466+0000][7][safepoint   ] Safepoint "Cleanup", Time since last: 18002224552 ns, Reaching safepoint: 115843 ns, At safepoint: 5880 ns, Total: 121723 ns
[2025-05-15T15:12:19.467+0000][7][safepoint   ] Safepoint "Cleanup", Time since last: 10001137073 ns, Reaching safepoint: 123324 ns, At safepoint: 2990 ns, Total: 126314 ns
[2025-05-15T15:12:37.469+0000][7][safepoint   ] Safepoint "Cleanup", Time since last: 18001892024 ns, Reaching safepoint: 110623 ns, At safepoint: 11410 ns, Total: 122033 ns
[2025-05-15T15:12:39.470+0000][7][safepoint   ] Safepoint "Cleanup", Time since last: 2000334430 ns, Reaching safepoint: 126473 ns, At safepoint: 8700 ns, Total: 135173 ns
[2025-05-15T15:12:43.470+0000][7][safepoint   ] Safepoint "Cleanup", Time since last: 4000454430 ns, Reaching safepoint: 192546 ns, At safepoint: 6340 ns, Total: 198886 ns
[2025-05-15T15:12:48.471+0000][7][safepoint   ] Safepoint "Cleanup", Time since last: 5000644844 ns, Reaching safepoint: 144664 ns, At safepoint: 6189 ns, Total: 150853 ns
[2025-05-15T15:13:09.474+0000][7][safepoint   ] Safepoint "Cleanup", Time since last: 21002359377 ns, Reaching safepoint: 156255 ns, At safepoint: 6361 ns, Total: 162616 ns
[2025-05-15T15:13:24.475+0000][7][safepoint   ] Safepoint "Cleanup", Time since last: 15001448522 ns, Reaching safepoint: 116933 ns, At safepoint: 6270 ns, Total: 123203 ns
[2025-05-15T15:13:28.476+0000][7][safepoint   ] Safepoint "Cleanup", Time since last: 4000487862 ns, Reaching safepoint: 178374 ns, At safepoint: 8151 ns, Total: 186525 ns
[2025-05-15T15:13:37.477+0000][7][safepoint   ] Safepoint "Cleanup", Time since last: 9001436321 ns, Reaching safepoint: 124613 ns, At safepoint: 6350 ns, Total: 130963 ns
[2025-05-15T15:13:39.478+0000][7][safepoint   ] Safepoint "Cleanup", Time since last: 2000244322 ns, Reaching safepoint: 124853 ns, At safepoint: 6460 ns, Total: 131313 ns
[2025-05-15T15:14:09.481+0000][7][safepoint   ] Safepoint "Cleanup", Time since last: 30003022592 ns, Reaching safepoint: 132853 ns, At safepoint: 6381 ns, Total: 139234 ns
[2025-05-15T15:14:18.482+0000][7][safepoint   ] Safepoint "Cleanup", Time since last: 9000809063 ns, Reaching safepoint: 141364 ns, At safepoint: 3680 ns, Total: 145044 ns
[2025-05-15T15:14:38.484+0000][7][safepoint   ] Safepoint "Cleanup", Time since last: 20001803959 ns, Reaching safepoint: 124673 ns, At safepoint: 6381 ns, Total: 131054 ns
[2025-05-15T15:14:39.484+0000][7][safepoint   ] Safepoint "Cleanup", Time since last: 1000192497 ns, Reaching safepoint: 124094 ns, At safepoint: 6709 ns, Total: 130803 ns
[2025-05-15T15:15:09.487+0000][7][safepoint   ] Safepoint "Cleanup", Time since last: 30002832043 ns, Reaching safepoint: 139804 ns, At safepoint: 7770 ns, Total: 147574 ns
[2025-05-15T15:15:22.488+0000][7][safepoint   ] Safepoint "Cleanup", Time since last: 13001208817 ns, Reaching safepoint: 165475 ns, At safepoint: 6140 ns, Total: 171615 ns
[2025-05-15T15:15:29.490+0000][7][safepoint   ] Safepoint "Cleanup", Time since last: 7000957681 ns, Reaching safepoint: 126143 ns, At safepoint: 1860 ns, Total: 128003 ns
[2025-05-15T15:15:30.490+0000][7][safepoint   ] Safepoint "Cleanup", Time since last: 1000113896 ns, Reaching safepoint: 121603 ns, At safepoint: 5831 ns, Total: 127434 ns
[2025-05-15T15:15:38.491+0000][7][safepoint   ] Safepoint "Cleanup", Time since last: 8000802283 ns, Reaching safepoint: 149575 ns, At safepoint: 6440 ns, Total: 156015 ns
[2025-05-15T15:15:39.491+0000][7][safepoint   ] Safepoint "Cleanup", Time since last: 1000115488 ns, Reaching safepoint: 111973 ns, At safepoint: 5750 ns, Total: 117723 ns
[2025-05-15T15:15:48.492+0000][7][safepoint   ] Safepoint "Cleanup", Time since last: 9000892479 ns, Reaching safepoint: 116892 ns, At safepoint: 4791 ns, Total: 121683 ns
[2025-05-15T15:16:03.494+0000][7][safepoint   ] Safepoint "Cleanup", Time since last: 15001575598 ns, Reaching safepoint: 159044 ns, At safepoint: 5971 ns, Total: 165015 ns
[2025-05-15T15:16:09.495+0000][7][safepoint   ] Safepoint "Cleanup", Time since last: 6000582858 ns, Reaching safepoint: 145975 ns, At safepoint: 5700 ns, Total: 151675 ns
[2025-05-15T15:16:25.497+0000][7][safepoint   ] Safepoint "Cleanup", Time since last: 16001576545 ns, Reaching safepoint: 550294 ns, At safepoint: 10020 ns, Total: 560314 ns
[2025-05-15T15:16:35.498+0000][7][safepoint   ] Safepoint "Cleanup", Time since last: 10000985276 ns, Reaching safepoint: 143904 ns, At safepoint: 6480 ns, Total: 150384 ns
[2025-05-15T15:16:37.498+0000][7][safepoint   ] Safepoint "Cleanup", Time since last: 2000207597 ns, Reaching safepoint: 133983 ns, At safepoint: 7620 ns, Total: 141603 ns
[2025-05-15T15:16:38.498+0000][7][safepoint   ] Safepoint "Cleanup", Time since last: 1000137400 ns, Reaching safepoint: 118023 ns, At safepoint: 5720 ns, Total: 123743 ns
[2025-05-15T15:16:39.499+0000][7][safepoint   ] Safepoint "Cleanup", Time since last: 1000224913 ns, Reaching safepoint: 143714 ns, At safepoint: 5970 ns, Total: 149684 ns
[2025-05-15T15:16:45.500+0000][7][safepoint   ] Safepoint "Cleanup", Time since last: 6000582677 ns, Reaching safepoint: 163724 ns, At safepoint: 6351 ns, Total: 170075 ns
[2025-05-15T15:17:09.502+0000][7][safepoint   ] Safepoint "Cleanup", Time since last: 24002357322 ns, Reaching safepoint: 140963 ns, At safepoint: 5921 ns, Total: 146884 ns
[2025-05-15T15:17:38.506+0000][7][safepoint   ] Safepoint "Cleanup", Time since last: 29003867802 ns, Reaching safepoint: 142213 ns, At safepoint: 3430 ns, Total: 145643 ns
[2025-05-15T15:17:39.506+0000][7][safepoint   ] Safepoint "Cleanup", Time since last: 1000229464 ns, Reaching safepoint: 126783 ns, At safepoint: 6210 ns, Total: 132993 ns
[2025-05-15T15:18:09.511+0000][7][safepoint   ] Safepoint "Cleanup", Time since last: 30003971458 ns, Reaching safepoint: 158034 ns, At safepoint: 5990 ns, Total: 164024 ns
[2025-05-15T15:18:33.513+0000][7][safepoint   ] Safepoint "Cleanup", Time since last: 24002684836 ns, Reaching safepoint: 176624 ns, At safepoint: 5701 ns, Total: 182325 ns
[2025-05-15T15:18:38.514+0000][7][safepoint   ] Safepoint "Cleanup", Time since last: 5000525079 ns, Reaching safepoint: 138824 ns, At safepoint: 6360 ns, Total: 145184 ns
[2025-05-15T15:19:09.518+0000][7][safepoint   ] Safepoint "Cleanup", Time since last: 31004167444 ns, Reaching safepoint: 141214 ns, At safepoint: 5840 ns, Total: 147054 ns
[2025-05-15T15:19:38.521+0000][7][safepoint   ] Safepoint "Cleanup", Time since last: 29002682277 ns, Reaching safepoint: 120613 ns, At safepoint: 7740 ns, Total: 128353 ns
[2025-05-15T15:19:39.522+0000][7][safepoint   ] Safepoint "Cleanup", Time since last: 1000195440 ns, Reaching safepoint: 141974 ns, At safepoint: 5910 ns, Total: 147884 ns
[2025-05-15T15:19:44.522+0000][7][safepoint   ] Safepoint "Cleanup", Time since last: 5000479564 ns, Reaching safepoint: 143383 ns, At safepoint: 6591 ns, Total: 149974 ns
[2025-05-15T15:19:57.524+0000][7][safepoint   ] Safepoint "Cleanup", Time since last: 13001721864 ns, Reaching safepoint: 178205 ns, At safepoint: 2609 ns, Total: 180814 ns
[2025-05-15T15:20:38.528+0000][7][safepoint   ] Safepoint "Cleanup", Time since last: 41003936762 ns, Reaching safepoint: 90563 ns, At safepoint: 3880 ns, Total: 94443 ns
[2025-05-15T15:20:38.938+0000][7][gc,start    ] GC(28) Pause Young (Normal) (G1 Evacuation Pause)
[2025-05-15T15:20:38.938+0000][7][gc,task     ] GC(28) Using 6 workers of 11 for evacuation
[2025-05-15T15:20:38.938+0000][7][gc,age      ] GC(28) Desired survivor size 8388608 bytes, new threshold 2 (max threshold 15)
[2025-05-15T15:20:38.943+0000][7][gc,age      ] GC(28) Age table with threshold 2 (max threshold 15)
[2025-05-15T15:20:38.943+0000][7][gc,age      ] GC(28) - age   1:    3599840 bytes,    3599840 total
[2025-05-15T15:20:38.943+0000][7][gc,age      ] GC(28) - age   2:    2707136 bytes,    6306976 total
[2025-05-15T15:20:38.943+0000][7][gc,phases   ] GC(28)   Pre Evacuate Collection Set: 0.0ms
[2025-05-15T15:20:38.943+0000][7][gc,phases   ] GC(28)   Merge Heap Roots: 0.1ms
[2025-05-15T15:20:38.943+0000][7][gc,phases   ] GC(28)   Evacuate Collection Set: 4.3ms
[2025-05-15T15:20:38.943+0000][7][gc,phases   ] GC(28)   Post Evacuate Collection Set: 0.6ms
[2025-05-15T15:20:38.943+0000][7][gc,phases   ] GC(28)   Other: 0.1ms
[2025-05-15T15:20:38.943+0000][7][gc,heap     ] GC(28) Eden regions: 26->0(25)
[2025-05-15T15:20:38.943+0000][7][gc,heap     ] GC(28) Survivor regions: 3->2(4)
[2025-05-15T15:20:38.943+0000][7][gc,heap     ] GC(28) Old regions: 17->19
[2025-05-15T15:20:38.943+0000][7][gc,heap     ] GC(28) Archive regions: 2->2
[2025-05-15T15:20:38.943+0000][7][gc,heap     ] GC(28) Humongous regions: 2->2
[2025-05-15T15:20:38.943+0000][7][gc,metaspace] GC(28) Metaspace: 94739K(98432K)->94739K(98432K) NonClass: 81874K(84480K)->81874K(84480K) Class: 12865K(13952K)->12865K(13952K)
[2025-05-15T15:20:38.944+0000][7][gc          ] GC(28) Pause Young (Normal) (G1 Evacuation Pause) 192M->91M(256M) 5.265ms
[2025-05-15T15:20:38.944+0000][7][gc,cpu      ] GC(28) User=0.03s Sys=0.00s Real=0.00s
[2025-05-15T15:20:38.944+0000][7][safepoint   ] Safepoint "G1CollectForAllocation", Time since last: 409955152 ns, Reaching safepoint: 172835 ns, At safepoint: 5344380 ns, Total: 5517215 ns
[2025-05-15T15:20:39.944+0000][7][safepoint   ] Safepoint "Cleanup", Time since last: 1000117934 ns, Reaching safepoint: 143414 ns, At safepoint: 2560 ns, Total: 145974 ns
[2025-05-15T15:20:57.946+0000][7][safepoint   ] Safepoint "Cleanup", Time since last: 18001718593 ns, Reaching safepoint: 149054 ns, At safepoint: 2470 ns, Total: 151524 ns
